Component: ARM Compiler 5.06 update 6 (build 750) Tool: armlink [4d35ed]

==============================================================================

Section Cross References

    startup_stm32f10x_hd.o(RESET) refers to startup_stm32f10x_hd.o(STACK) for __initial_sp
    startup_stm32f10x_hd.o(RESET) refers to startup_stm32f10x_hd.o(.text) for Reset_Handler
    startup_stm32f10x_hd.o(RESET) refers to stm32f10x_it.o(.text) for NMI_Handler
    startup_stm32f10x_hd.o(.text) refers to system_stm32f10x.o(.text) for SystemInit
    startup_stm32f10x_hd.o(.text) refers to entry.o(.ARM.Collect$$$$00000000) for __main
    system_stm32f10x.o(.text) refers to system_stm32f10x.o(.data) for SystemCoreClock
    stm32f10x_adc.o(.text) refers to stm32f10x_rcc.o(.text) for RCC_APB2PeriphResetCmd
    stm32f10x_bkp.o(.text) refers to stm32f10x_rcc.o(.text) for RCC_BackupResetCmd
    stm32f10x_can.o(.text) refers to stm32f10x_rcc.o(.text) for RCC_APB1PeriphResetCmd
    stm32f10x_cec.o(.text) refers to stm32f10x_rcc.o(.text) for RCC_APB1PeriphResetCmd
    stm32f10x_dac.o(.text) refers to stm32f10x_rcc.o(.text) for RCC_APB1PeriphResetCmd
    stm32f10x_gpio.o(.text) refers to stm32f10x_rcc.o(.text) for RCC_APB2PeriphResetCmd
    stm32f10x_i2c.o(.text) refers to stm32f10x_rcc.o(.text) for RCC_APB1PeriphResetCmd
    stm32f10x_pwr.o(.text) refers to stm32f10x_rcc.o(.text) for RCC_APB1PeriphResetCmd
    stm32f10x_rcc.o(.text) refers to stm32f10x_rcc.o(.data) for APBAHBPrescTable
    stm32f10x_spi.o(.text) refers to stm32f10x_rcc.o(.text) for RCC_APB2PeriphResetCmd
    stm32f10x_tim.o(.text) refers to stm32f10x_rcc.o(.text) for RCC_APB2PeriphResetCmd
    stm32f10x_usart.o(.text) refers to stm32f10x_rcc.o(.text) for RCC_APB2PeriphResetCmd
    stm32f10x_wwdg.o(.text) refers to stm32f10x_rcc.o(.text) for RCC_APB1PeriphResetCmd
    main.o(.text) refers to bsp_ili9341_lcd.o(.text) for ILI9341_Init
    main.o(.text) refers to clock_alert.o(.text) for alert_Init
    main.o(.text) refers to common.o(.text) for timeZoneInit
    main.o(.text) refers to bsp_usart.o(.text) for USART_Config
    main.o(.text) refers to bsp_led.o(.text) for LED_GPIO_Config
    main.o(.text) refers to bsp_key.o(.text) for Key_GPIO_Config
    main.o(.text) refers to bsp_xpt2046_lcd.o(.text) for XPT2046_Init
    main.o(.text) refers to bsp_systick.o(.text) for SysTick_Init
    main.o(.text) refers to bsp_tpad.o(.text) for TPAD_Init
    main.o(.text) refers to bsp_beep.o(.text) for BEEP_GPIO_Config
    main.o(.text) refers to bsp_rtc.o(.text) for RTC_NVIC_Config
    main.o(.text) refers to bsp_timbase.o(.text) for BASIC_TIM_Init
    main.o(.text) refers to bsp_tempad.o(.text) for Temp_ADC1_Init
    main.o(.text) refers to fan.o(.text) for FAN_GPIO_Config
    main.o(.text) refers to bsp_ds18b20.o(.text) for DS18B20_Init
    main.o(.text) refers to library.o(.text) for Create_Library_layer
    main.o(.text) refers to clock.o(.text) for Show_Clock_layer
    main.o(.text) refers to clock_zone_config.o(.text) for Show_Clock_Zone_Config_layer
    main.o(.text) refers to clock_stop.o(.text) for Show_Clock_Stop_layer
    main.o(.text) refers to temperature.o(.text) for Show_Temperature_layer
    main.o(.text) refers to bsp_ili9341_lcd.o(.data) for system_back
    main.o(.text) refers to fonts.o(.data) for Font8x16
    main.o(.text) refers to main.o(.data) for systmtime
    main.o(.text) refers to bsp_ds18b20.o(.data) for ucDs18b20Id
    stm32f10x_it.o(.text) refers to bsp_systick.o(.text) for TimingDelay_Decrement
    stm32f10x_it.o(.text) refers to stm32f10x_rtc.o(.text) for RTC_GetITStatus
    stm32f10x_it.o(.text) refers to stm32f10x_tim.o(.text) for TIM_GetITStatus
    stm32f10x_it.o(.text) refers to clock.o(.data) for TimeDisplay
    stm32f10x_it.o(.text) refers to clock_stop.o(.data) for time_stamp_ms
    bsp_calendar.o(.text) refers to bsp_calendar.o(.constdata) for year_code
    bsp_calendar.o(.text) refers to bsp_calendar.o(.data) for sky
    bsp_calendar.o(.data) refers to bsp_calendar.o(.conststring) for .conststring
    bsp_date.o(.text) refers to memcpya.o(.text) for __aeabi_memcpy4
    bsp_date.o(.text) refers to bsp_date.o(.constdata) for .constdata
    bsp_date.o(.text) refers to bsp_date.o(.data) for month_days
    bsp_rtc.o(.text) refers to _scanf_int.o(.text) for _scanf_int
    bsp_rtc.o(.text) refers to misc.o(.text) for NVIC_PriorityGroupConfig
    bsp_rtc.o(.text) refers to stm32f10x_rcc.o(.text) for RCC_APB1PeriphClockCmd
    bsp_rtc.o(.text) refers to stm32f10x_pwr.o(.text) for PWR_BackupAccessCmd
    bsp_rtc.o(.text) refers to stm32f10x_bkp.o(.text) for BKP_DeInit
    bsp_rtc.o(.text) refers to stm32f10x_rtc.o(.text) for RTC_WaitForSynchro
    bsp_rtc.o(.text) refers to bsp_date.o(.text) for GregorianDay
    bsp_rtc.o(.text) refers to printfa.o(i.__0printf) for __2printf
    bsp_rtc.o(.text) refers to __0scanf.o(.text) for __0scanf
    bsp_rtc.o(.text) refers to bsp_rtc.o(.conststring) for .conststring
[...]
    refresh_top                              0x20000258   Data           1  clock_zone_config.o(.data)
    real_first_dis                           0x20000259   Data           1  clock_zone_config.o(.data)
    local_page                               0x2000025a   Data           1  clock_zone_config.o(.data)
    .data                                    0x2000025b   Section        1  library.o(.data)
    real_first_dis                           0x2000025b   Data           1  library.o(.data)
    .data                                    0x2000025c   Section        4  stdin.o(.data)
    .data                                    0x20000260   Section        4  stdout.o(.data)
    .data                                    0x20000264   Section        3  fgetc_b.o(.data)
    ungetc_sp                                0x20000264   Data           1  fgetc_b.o(.data)
    ungetc_stack                             0x20000265   Data           2  fgetc_b.o(.data)
    .bss                                     0x20000268   Section    17408  bsp_ili9341_lcd.o(.bss)
    .bss                                     0x20004668   Section      300  common.o(.bss)
    .bss                                     0x20004794   Section      288  temperature.o(.bss)
    str                                      0x20004794   Data         200  temperature.o(.bss)
    button                                   0x2000485c   Data          88  temperature.o(.bss)
    .bss                                     0x200048b4   Section      552  clock_stop.o(.bss)
    button                                   0x200048b4   Data         352  clock_stop.o(.bss)
    str                                      0x20004a14   Data         200  clock_stop.o(.bss)
    .bss                                     0x20004adc   Section      344  clock_alert.o(.bss)
    button                                   0x20004adc   Data         308  clock_alert.o(.bss)
    alerts                                   0x20004c10   Data          36  clock_alert.o(.bss)
    .bss                                     0x20004c34   Section      220  clock.o(.bss)
    button                                   0x20004c34   Data         220  clock.o(.bss)
    .bss                                     0x20004d10   Section      508  clock_zone_config.o(.bss)
    button                                   0x20004d10   Data         132  clock_zone_config.o(.bss)
    button1                                  0x20004d94   Data         176  clock_zone_config.o(.bss)
    str                                      0x20004e44   Data         200  clock_zone_config.o(.bss)
    .bss                                     0x20004f0c   Section      376  library.o(.bss)
    button                                   0x20004f0c   Data         176  library.o(.bss)
    str                                      0x20004fbc   Data         200  library.o(.bss)
    STACK                                    0x20005088   Section     1024  startup_stm32f10x_hd.o(STACK)

    Global Symbols

    Symbol Name                              Value     Ov Type        Size  Object(Section)

    BuildAttributes$$THM_ISAv4$P$D$K$B$S$PE$A:L22UL41UL21$X:L11$S22US41US21$IEEE1$IW$USESV6$~STKCKD$USESV7$~SHL$OTIME$ROPI$EBA8$MICROLIB$REQ8$PRES8$EABIv2 0x00000000   Number         0  anon$$obj.o ABSOLUTE
    __ARM_use_no_argv                        0x00000000   Number         0  main.o ABSOLUTE
    _printf_a                                0x00000000   Number         0  stubs.o ABSOLUTE
    _printf_c                                0x00000000   Number         0  stubs.o ABSOLUTE
    _printf_charcount                        0x00000000   Number         0  stubs.o ABSOLUTE
    _printf_d                                0x00000000   Number         0  stubs.o ABSOLUTE
    _printf_e                                0x00000000   Number         0  stubs.o ABSOLUTE
    _printf_f                                0x00000000   Number         0  stubs.o ABSOLUTE
    _printf_flags                            0x00000000   Number         0  stubs.o ABSOLUTE
    _printf_fp_dec                           0x00000000   Number         0  stubs.o ABSOLUTE
    _printf_fp_hex                           0x00000000   Number         0  stubs.o ABSOLUTE
    _printf_g                                0x00000000   Number         0  stubs.o ABSOLUTE
    _printf_i                                0x00000000   Number         0  stubs.o ABSOLUTE
    _printf_int_dec                          0x00000000   Number         0  stubs.o ABSOLUTE
    _printf_l                                0x00000000   Number         0  stubs.o ABSOLUTE
    _printf_lc                               0x00000000   Number         0  stubs.o ABSOLUTE
    _printf_ll                               0x00000000   Number         0  stubs.o ABSOLUTE
    _printf_lld                              0x00000000   Number         0  stubs.o ABSOLUTE
    _printf_lli                              0x00000000   Number         0  stubs.o ABSOLUTE
    _printf_llo                              0x00000000   Number         0  stubs.o ABSOLUTE
    _printf_llu                              0x00000000   Number         0  stubs.o ABSOLUTE
    _printf_llx                              0x00000000   Number         0  stubs.o ABSOLUTE
    _printf_longlong_dec                     0x00000000   Number         0  stubs.o ABSOLUTE
    _printf_longlong_hex                     0x00000000   Number         0  stubs.o ABSOLUTE
    _printf_longlong_oct                     0x00000000   Number         0  stubs.o ABSOLUTE
    _printf_ls                               0x00000000   Number         0  stubs.o ABSOLUTE
    _printf_mbtowc                           0x00000000   Number         0  stubs.o ABSOLUTE
    _printf_n                                0x00000000   Number         0  stubs.o ABSOLUTE
    _printf_o                                0x00000000   Number         0  stubs.o ABSOLUTE
    _printf_p                                0x00000000   Number         0  stubs.o ABSOLUTE
    _printf_percent                          0x00000000   Number         0  stubs.o ABSOLUTE
    _printf_pre_padding                      0x00000000   Number         0  stubs.o ABSOLUTE
    _printf_return_value                     0x00000000   Number         0  stubs.o ABSOLUTE
    _printf_s                                0x00000000   Number         0  stubs.o ABSOLUTE
    _printf_sizespec                         0x00000000   Number         0  stubs.o ABSOLUTE
    _printf_str                              0x00000000   Number         0  stubs.o ABSOLUTE
    _printf_truncate_signed                  0x00000000   Number         0  stubs.o ABSOLUTE
    _printf_truncate_unsigned                0x00000000   Number         0  stubs.o ABSOLUTE
    _printf_u                                0x00000000   Number         0  stubs.o ABSOLUTE
    _printf_wc                               0x00000000   Number         0  stubs.o ABSOLUTE
    _printf_wctomb                           0x00000000   Number         0  stubs.o ABSOLUTE
    _printf_widthprec                        0x00000000   Number         0  stubs.o ABSOLUTE
    _printf_x                                0x00000000   Number         0  stubs.o ABSOLUTE
    __cpp_initialize__aeabi_                  - Undefined Weak Reference
    __cxa_finalize                            - Undefined Weak Reference
    _clock_init                               - Undefined Weak Reference
    _microlib_exit                            - Undefined Weak Reference
    _scanf_longlong                           - Undefined Weak Reference
    _scanf_real                               - Undefined Weak Reference
    _scanf_string                             - Undefined Weak Reference
    __Vectors_Size                           0x00000130   Number         0  startup_stm32f10x_hd.o ABSOLUTE
    __Vectors                                0x08000000   Data           4  startup_stm32f10x_hd.o(RESET)
    __Vectors_End                            0x08000130   Data           0  startup_stm32f10x_hd.o(RESET)
    __main                                   0x08000131   Thumb Code     0  entry.o(.ARM.Collect$$$$00000000)
    _main_stk                                0x08000131   Thumb Code     0  entry2.o(.ARM.Collect$$$$00000001)
    _main_scatterload                        0x08000135   Thumb Code     0  entry5.o(.ARM.Collect$$$$00000004)
    __main_after_scatterload                 0x08000139   Thumb Code     0  entry5.o(.ARM.Collect$$$$00000004)
    _main_clock                              0x08000139   Thumb Code     0  entry7b.o(.ARM.Collect$$$$00000008)
    _main_cpp_init                           0x08000139   Thumb Code     0  entry8b.o(.ARM.Collect$$$$0000000A)
    _main_init                               0x08000139   Thumb Code     0  entry9a.o(.ARM.Collect$$$$0000000B)
    __rt_final_cpp                           0x08000141   Thumb Code     0  entry10a.o(.ARM.Collect$$$$0000000D)
    __rt_final_exit                          0x08000141   Thumb Code     0  entry11a.o(.ARM.Collect$$$$0000000F)
    Reset_Handler                            0x08000145   Thumb Code     8  startup_stm32f10x_hd.o(.text)
    ADC1_2_IRQHandler                        0x0800015f   Thumb Code     0  startup_stm32f10x_hd.o(.text)
    ADC3_IRQHandler                          0x0800015f   Thumb Code     0  startup_stm32f10x_hd.o(.text)
    CAN1_RX1_IRQHandler                      0x0800015f   Thumb Code     0  startup_stm32f10x_hd.o(.text)
    CAN1_SCE_IRQHandler                      0x0800015f   Thumb Code     0  startup_stm32f10x_hd.o(.text)
    DMA1_Channel1_IRQHandler                 0x0800015f   Thumb Code     0  startup_stm32f10x_hd.o(.text)
    DMA1_Channel2_IRQHandler                 0x0800015f   Thumb Code     0  startup_stm32f10x_hd.o(.text)
    DMA1_Channel3_IRQHandler                 0x0800015f   Thumb Code     0  startup_stm32f10x_hd.o(.text)
    DMA1_Channel4_IRQHandler                 0x0800015f   Thumb Code     0  startup_stm32f10x_hd.o(.text)
    DMA1_Channel5_IRQHandler                 0x0800015f   Thumb Code     0  startup_stm32f10x_hd.o(.text)
    DMA1_Channel6_IRQHandler                 0x0800015f   Thumb Code     0  startup_stm32f10x_hd.o(.text)
    DMA1_Channel7_IRQHandler                 0x0800015f   Thumb Code     0  startup_stm32f10x_hd.o(.text)
    DMA2_Channel1_IRQHandler                 0x0800015f   Thumb Code     0  startup_stm32f10x_hd.o(.text)
    DMA2_Channel2_IRQHandler                 0x0800015f   Thumb Code     0  startup_stm32f10x_hd.o(.text)
    DMA2_Channel3_IRQHandler                 0x0800015f   Thumb Code     0  startup_stm32f10x_hd.o(.text)
    DMA2_Channel4_5_IRQHandler               0x0800015f   Thumb Code     0  startup_stm32f10x_hd.o(.text)
    EXTI0_IRQHandler                         0x0800015f   Thumb Code     0  startup_stm32f10x_hd.o(.text)
    EXTI15_10_IRQHandler                     0x0800015f   Thumb Code     0  startup_stm32f10x_hd.o(.text)
    EXTI1_IRQHandler                         0x0800015f   Thumb Code     0  startup_stm32f10x_hd.o(.text)
    EXTI2_IRQHandler                         0x0800015f   Thumb Code     0  startup_stm32f10x_hd.o(.text)
    EXTI3_IRQHandler                         0x0800015f   Thumb Code     0  startup_stm32f10x_hd.o(.text)
    EXTI4_IRQHandler                         0x0800015f   Thumb Code     0  startup_stm32f10x_hd.o(.text)
    EXTI9_5_IRQHandler                       0x0800015f   Thumb Code     0  startup_stm32f10x_hd.o(.text)
    FLASH_IRQHandler                         0x0800015f   Thumb Code     0  startup_stm32f10x_hd.o(.text)
    FSMC_IRQHandler                          0x0800015f   Thumb Code     0  startup_stm32f10x_hd.o(.text)
    I2C1_ER_IRQHandler                       0x0800015f   Thumb Code     0  startup_stm32f10x_hd.o(.text)
    I2C1_EV_IRQHandler                       0x0800015f   Thumb Code     0  startup_stm32f10x_hd.o(.text)
    I2C2_ER_IRQHandler                       0x0800015f   Thumb Code     0  startup_stm32f10x_hd.o(.text)
    I2C2_EV_IRQHandler                       0x0800015f   Thumb Code     0  startup_stm32f10x_hd.o(.text)
    PVD_IRQHandler                           0x0800015f   Thumb Code     0  startup_stm32f10x_hd.o(.text)
    RCC_IRQHandler                           0x0800015f   Thumb Code     0  startup_stm32f10x_hd.o(.text)
    RTCAlarm_IRQHandler                      0x0800015f   Thumb Code     0  startup_stm32f10x_hd.o(.text)
    SDIO_IRQHandler                          0x0800015f   Thumb Code     0  startup_stm32f10x_hd.o(.text)
    SPI1_IRQHandler                          0x0800015f   Thumb Code     0  startup_stm32f10x_hd.o(.text)
    SPI2_IRQHandler                          0x0800015f   Thumb Code     0  startup_stm32f10x_hd.o(.text)
    SPI3_IRQHandler                          0x0800015f   Thumb Code     0  startup_stm32f10x_hd.o(.text)
    TAMPER_IRQHandler                        0x0800015f   Thumb Code     0  startup_stm32f10x_hd.o(.text)
    TIM1_BRK_IRQHandler                      0x0800015f   Thumb Code     0  startup_stm32f10x_hd.o(.text)
    TIM1_CC_IRQHandler                       0x0800015f   Thumb Code     0  startup_stm32f10x_hd.o(.text)
    TIM1_TRG_COM_IRQHandler                  0x0800015f   Thumb Code     0  startup_stm32f10x_hd.o(.text)
    TIM1_UP_IRQHandler                       0x0800015f   Thumb Code     0  startup_stm32f10x_hd.o(.text)
    TIM2_IRQHandler                          0x0800015f   Thumb Code     0  startup_stm32f10x_hd.o(.text)
    TIM3_IRQHandler                          0x0800015f   Thumb Code     0  startup_stm32f10x_hd.o(.text)
    TIM4_IRQHandler                          0x0800015f   Thumb Code     0  startup_stm32f10x_hd.o(.text)
    TIM5_IRQHandler                          0x0800015f   Thumb Code     0  startup_stm32f10x_hd.o(.text)
    TIM7_IRQHandler                          0x0800015f   Thumb Code     0  startup_stm32f10x_hd.o(.text)
    TIM8_BRK_IRQHandler                      0x0800015f   Thumb Code     0  startup_stm32f10x_hd.o(.text)
    TIM8_CC_IRQHandler                       0x0800015f   Thumb Code     0  startup_stm32f10x_hd.o(.text)
    TIM8_TRG_COM_IRQHandler                  0x0800015f   Thumb Code     0  startup_stm32f10x_hd.o(.text)
    TIM8_UP_IRQHandler                       0x0800015f   Thumb Code     0  startup_stm32f10x_hd.o(.text)
    UART4_IRQHandler                         0x0800015f   Thumb Code     0  startup_stm32f10x_hd.o(.text)
    UART5_IRQHandler                         0x0800015f   Thumb Code     0  startup_stm32f10x_hd.o(.text)
    USART1_IRQHandler                        0x0800015f   Thumb Code     0  startup_stm32f10x_hd.o(.text)
    USART2_IRQHandler                        0x0800015f   Thumb Code     0  startup_stm32f10x_hd.o(.text)
    USART3_IRQHandler                        0x0800015f   Thumb Code     0  startup_stm32f10x_hd.o(.text)
    USBWakeUp_IRQHandler                     0x0800015f   Thumb Code     0  startup_stm32f10x_hd.o(.text)
    USB_HP_CAN1_TX_IRQHandler                0x0800015f   Thumb Code     0  startup_stm32f10x_hd.o(.text)
    USB_LP_CAN1_RX0_IRQHandler               0x0800015f   Thumb Code     0  startup_stm32f10x_hd.o(.text)
    WWDG_IRQHandler                          0x0800015f   Thumb Code     0  startup_stm32f10x_hd.o(.text)
    SystemInit                               0x08000247   Thumb Code    78  system_stm32f10x.o(.text)
    SystemCoreClockUpdate                    0x08000295   Thumb Code   142  system_stm32f10x.o(.text)
    NVIC_PriorityGroupConfig                 0x08000349   Thumb Code    10  misc.o(.text)
    NVIC_Init                                0x08000353   Thumb Code   100  misc.o(.text)
    NVIC_SetVectorTable                      0x080003b7   Thumb Code    14  misc.o(.text)
    NVIC_SystemLPConfig                      0x080003c5   Thumb Code    34  misc.o(.text)
    SysTick_CLKSourceConfig                  0x080003e7   Thumb Code    40  misc.o(.text)
    ADC_DeInit                               0x08000425   Thumb Code    78  stm32f10x_adc.o(.text)
    ADC_Init                                 0x08000473   Thumb Code    70  stm32f10x_adc.o(.text)
    ADC_StructInit                           0x080004b9   Thumb Code    18  stm32f10x_adc.o(.text)
    ADC_Cmd                                  0x080004cb   Thumb Code    22  stm32f10x_adc.o(.text)
    ADC_DMACmd                               0x080004e1   Thumb Code    22  stm32f10x_adc.o(.text)
    ADC_ITConfig                             0x080004f7   Thumb Code    24  stm32f10x_adc.o(.text)
    ADC_ResetCalibration                     0x0800050f   Thumb Code    10  stm32f10x_adc.o(.text)
    ADC_GetResetCalibrationStatus            0x08000519   Thumb Code    20  stm32f10x_adc.o(.text)
    ADC_StartCalibration                     0x0800052d   Thumb Code    10  stm32f10x_adc.o(.text)
    ADC_GetCalibrationStatus                 0x08000537   Thumb Code    20  stm32f10x_adc.o(.text)
    ADC_SoftwareStartConvCmd                 0x0800054b   Thumb Code    22  stm32f10x_adc.o(.text)
    ADC_GetSoftwareStartConvStatus           0x08000561   Thumb Code    20  stm32f10x_adc.o(.text)
    ADC_DiscModeChannelCountConfig           0x08000575   Thumb Code    24  stm32f10x_adc.o(.text)
    ADC_DiscModeCmd                          0x0800058d   Thumb Code    22  stm32f10x_adc.o(.text)
    ADC_RegularChannelConfig                 0x080005a3   Thumb Code   184  stm32f10x_adc.o(.text)
    ADC_ExternalTrigConvCmd                  0x0800065b   Thumb Code    22  stm32f10x_adc.o(.text)
    ADC_GetConversionValue                   0x08000671   Thumb Code     8  stm32f10x_adc.o(.text)
    ADC_GetDualModeConversionValue           0x08000679   Thumb Code     8  stm32f10x_adc.o(.text)
    ADC_AutoInjectedConvCmd                  0x08000681   Thumb Code    22  stm32f10x_adc.o(.text)
    ADC_InjectedDiscModeCmd                  0x08000697   Thumb Code    22  stm32f10x_adc.o(.text)
    ADC_ExternalTrigInjectedConvConfig       0x080006ad   Thumb Code    16  stm32f10x_adc.o(.text)
    ADC_ExternalTrigInjectedConvCmd          0x080006bd   Thumb Code    22  stm32f10x_adc.o(.text)
    ADC_SoftwareStartInjectedConvCmd         0x080006d3   Thumb Code    22  stm32f10x_adc.o(.text)
    ADC_GetSoftwareStartInjectedConvCmdStatus 0x080006e9   Thumb Code    20  stm32f10x_adc.o(.text)
    ADC_InjectedChannelConfig                0x080006fd   Thumb Code   130  stm32f10x_adc.o(.text)
    ADC_InjectedSequencerLengthConfig        0x0800077f   Thumb Code    24  stm32f10x_adc.o(.text)
    ADC_SetInjectedOffset                    0x08000797   Thumb Code    20  stm32f10x_adc.o(.text)
    ADC_GetInjectedConversionValue           0x080007ab   Thumb Code    28  stm32f10x_adc.o(.text)
    ADC_AnalogWatchdogCmd                    0x080007c7   Thumb Code    16  stm32f10x_adc.o(.text)
    ADC_AnalogWatchdogThresholdsConfig       0x080007d7   Thumb Code     6  stm32f10x_adc.o(.text)
    ADC_AnalogWatchdogSingleChannelConfig    0x080007dd   Thumb Code    16  stm32f10x_adc.o(.text)
    ADC_TempSensorVrefintCmd                 0x080007ed   Thumb Code    64  stm32f10x_adc.o(.text)
    ADC_GetFlagStatus                        0x0800082d   Thumb Code    18  stm32f10x_adc.o(.text)
    ADC_ClearFlag                            0x0800083f   Thumb Code     6  stm32f10x_adc.o(.text)
    ADC_GetITStatus                          0x08000845   Thumb Code    36  stm32f10x_adc.o(.text)
    ADC_ClearITPendingBit                    0x08000869   Thumb Code    10  stm32f10x_adc.o(.text)
    BKP_DeInit                               0x08000875   Thumb Code    16  stm32f10x_bkp.o(.text)
    BKP_TamperPinLevelConfig                 0x08000885   Thumb Code     6  stm32f10x_bkp.o(.text)
    BKP_TamperPinCmd                         0x0800088b   Thumb Code     8  stm32f10x_bkp.o(.text)
    BKP_ITConfig                             0x08000893   Thumb Code     8  stm32f10x_bkp.o(.text)
    BKP_RTCOutputConfig                      0x0800089b   Thumb Code    22  stm32f10x_bkp.o(.text)
    BKP_SetRTCCalibrationValue               0x080008b1   Thumb Code    22  stm32f10x_bkp.o(.text)
    BKP_WriteBackupRegister                  0x080008c7   Thumb Code    24  stm32f10x_bkp.o(.text)
    BKP_ReadBackupRegister                   0x080008df   Thumb Code    26  stm32f10x_bkp.o(.text)
    BKP_GetFlagStatus                        0x080008f9   Thumb Code    10  stm32f10x_bkp.o(.text)
    BKP_ClearFlag                            0x08000903   Thumb Code    18  stm32f10x_bkp.o(.text)
    BKP_GetITStatus                          0x08000915   Thumb Code    10  stm32f10x_bkp.o(.text)
    BKP_ClearITPendingBit                    0x0800091f   Thumb Code    18  stm32f10x_bkp.o(.text)
    DMA_DeInit                               0x08000939   Thumb Code   324  stm32f10x_dma.o(.text)
    DMA_Init                                 0x08000a7d   Thumb Code    60  stm32f10x_dma.o(.text)
    DMA_StructInit                           0x08000ab9   Thumb Code    26  stm32f10x_dma.o(.text)
    DMA_Cmd                                  0x08000ad3   Thumb Code    24  stm32f10x_dma.o(.text)
    DMA_ITConfig                             0x08000aeb   Thumb Code    18  stm32f10x_dma.o(.text)
    DMA_SetCurrDataCounter                   0x08000afd   Thumb Code     4  stm32f10x_dma.o(.text)
    DMA_GetCurrDataCounter                   0x08000b01   Thumb Code     8  stm32f10x_dma.o(.text)
    DMA_GetFlagStatus                        0x08000b09   Thumb Code    40  stm32f10x_dma.o(.text)
    DMA_ClearFlag                            0x08000b31   Thumb Code    22  stm32f10x_dma.o(.text)
    DMA_GetITStatus                          0x08000b47   Thumb Code    40  stm32f10x_dma.o(.text)
    DMA_ClearITPendingBit                    0x08000b6f   Thumb Code    22  stm32f10x_dma.o(.text)
    FSMC_NORSRAMDeInit                       0x08000b8d   Thumb Code    54  stm32f10x_fsmc.o(.text)
    FSMC_NANDDeInit                          0x08000bc3   Thumb Code    62  stm32f10x_fsmc.o(.text)
    FSMC_PCCARDDeInit                        0x08000c01   Thumb Code    36  stm32f10x_fsmc.o(.text)
    FSMC_NORSRAMInit                         0x08000c25   Thumb Code   230  stm32f10x_fsmc.o(.text)
    FSMC_NANDInit                            0x08000d0b   Thumb Code   132  stm32f10x_fsmc.o(.text)
    FSMC_PCCARDInit                          0x08000d8f   Thumb Code   130  stm32f10x_fsmc.o(.text)
    FSMC_NORSRAMStructInit                   0x08000e11   Thumb Code   114  stm32f10x_fsmc.o(.text)
    FSMC_NANDStructInit                      0x08000e83   Thumb Code    54  stm32f10x_fsmc.o(.text)
    FSMC_PCCARDStructInit                    0x08000eb9   Thumb Code    60  stm32f10x_fsmc.o(.text)
    FSMC_NORSRAMCmd                          0x08000ef5   Thumb Code    46  stm32f10x_fsmc.o(.text)
    FSMC_NANDCmd                             0x08000f23   Thumb Code    86  stm32f10x_fsmc.o(.text)
    FSMC_PCCARDCmd                           0x08000f79   Thumb Code    44  stm32f10x_fsmc.o(.text)
    FSMC_NANDECCCmd                          0x08000fa5   Thumb Code    90  stm32f10x_fsmc.o(.text)
    FSMC_GetECC                              0x08000fff   Thumb Code    24  stm32f10x_fsmc.o(.text)
    FSMC_ITConfig                            0x08001017   Thumb Code   128  stm32f10x_fsmc.o(.text)
    FSMC_GetFlagStatus                       0x08001097   Thumb Code    54  stm32f10x_fsmc.o(.text)
    FSMC_ClearFlag                           0x080010cd   Thumb Code    62  stm32f10x_fsmc.o(.text)
    FSMC_GetITStatus                         0x0800110b   Thumb Code    64  stm32f10x_fsmc.o(.text)
    FSMC_ClearITPendingBit                   0x0800114b   Thumb Code    68  stm32f10x_fsmc.o(.text)
    GPIO_DeInit                              0x08001199   Thumb Code   172  stm32f10x_gpio.o(.text)
    GPIO_AFIODeInit                          0x08001245   Thumb Code    20  stm32f10x_gpio.o(.text)
    GPIO_Init                                0x08001259   Thumb Code   278  stm32f10x_gpio.o(.text)
    GPIO_StructInit                          0x0800136f   Thumb Code    16  stm32f10x_gpio.o(.text)
    GPIO_ReadInputDataBit                    0x0800137f   Thumb Code    18  stm32f10x_gpio.o(.text)
    GPIO_ReadInputData                       0x08001391   Thumb Code     8  stm32f10x_gpio.o(.text)
    GPIO_ReadOutputDataBit                   0x08001399   Thumb Code    18  stm32f10x_gpio.o(.text)
    GPIO_ReadOutputData                      0x080013ab   Thumb Code     8  stm32f10x_gpio.o(.text)
    GPIO_SetBits                             0x080013b3   Thumb Code     4  stm32f10x_gpio.o(.text)
    GPIO_ResetBits                           0x080013b7   Thumb Code     4  stm32f10x_gpio.o(.text)
    GPIO_WriteBit                            0x080013bb   Thumb Code    10  stm32f10x_gpio.o(.text)
    GPIO_Write                               0x080013c5   Thumb Code     4  stm32f10x_gpio.o(.text)
    GPIO_PinLockConfig                       0x080013c9   Thumb Code    18  stm32f10x_gpio.o(.text)
    GPIO_EventOutputConfig                   0x080013db   Thumb Code    26  stm32f10x_gpio.o(.text)
    GPIO_EventOutputCmd                      0x080013f5   Thumb Code     6  stm32f10x_gpio.o(.text)
    GPIO_PinRemapConfig                      0x080013fb   Thumb Code   138  stm32f10x_gpio.o(.text)
    GPIO_EXTILineConfig                      0x08001485   Thumb Code    66  stm32f10x_gpio.o(.text)
    GPIO_ETH_MediaInterfaceConfig            0x080014c7   Thumb Code     8  stm32f10x_gpio.o(.text)
    PWR_DeInit                               0x080014f5   Thumb Code    22  stm32f10x_pwr.o(.text)
    PWR_BackupAccessCmd                      0x0800150b   Thumb Code     6  stm32f10x_pwr.o(.text)
    PWR_PVDCmd                               0x08001511   Thumb Code     6  stm32f10x_pwr.o(.text)
    PWR_PVDLevelConfig                       0x08001517   Thumb Code    18  stm32f10x_pwr.o(.text)
    PWR_WakeUpPinCmd                         0x08001529   Thumb Code     8  stm32f10x_pwr.o(.text)
    PWR_EnterSTOPMode                        0x08001531   Thumb Code    54  stm32f10x_pwr.o(.text)
    PWR_EnterSTANDBYMode                     0x08001567   Thumb Code    42  stm32f10x_pwr.o(.text)
    PWR_GetFlagStatus                        0x08001591   Thumb Code    20  stm32f10x_pwr.o(.text)
    PWR_ClearFlag                            0x080015a5   Thumb Code    14  stm32f10x_pwr.o(.text)
    RCC_DeInit                               0x080015c1   Thumb Code    64  stm32f10x_rcc.o(.text)
    RCC_HSEConfig                            0x08001601   Thumb Code    70  stm32f10x_rcc.o(.text)
    RCC_GetFlagStatus                        0x08001647   Thumb Code    56  stm32f10x_rcc.o(.text)
    RCC_WaitForHSEStartUp                    0x0800167f   Thumb Code    56  stm32f10x_rcc.o(.text)
    RCC_AdjustHSICalibrationValue            0x080016b7   Thumb Code    20  stm32f10x_rcc.o(.text)
    RCC_HSICmd                               0x080016cb   Thumb Code     6  stm32f10x_rcc.o(.text)
    RCC_PLLConfig                            0x080016d1   Thumb Code    24  stm32f10x_rcc.o(.text)
    RCC_PLLCmd                               0x080016e9   Thumb Code     6  stm32f10x_rcc.o(.text)
    RCC_SYSCLKConfig                         0x080016ef   Thumb Code    18  stm32f10x_rcc.o(.text)
    RCC_GetSYSCLKSource                      0x08001701   Thumb Code    10  stm32f10x_rcc.o(.text)
    RCC_HCLKConfig                           0x0800170b   Thumb Code    18  stm32f10x_rcc.o(.text)
    RCC_PCLK1Config                          0x0800171d   Thumb Code    18  stm32f10x_rcc.o(.text)
    RCC_PCLK2Config                          0x0800172f   Thumb Code    20  stm32f10x_rcc.o(.text)
    RCC_ITConfig                             0x08001743   Thumb Code    26  stm32f10x_rcc.o(.text)
    RCC_USBCLKConfig                         0x0800175d   Thumb Code     8  stm32f10x_rcc.o(.text)
    RCC_ADCCLKConfig                         0x08001765   Thumb Code    18  stm32f10x_rcc.o(.text)
    RCC_LSEConfig                            0x08001777   Thumb Code    50  stm32f10x_rcc.o(.text)
    RCC_LSICmd                               0x080017a9   Thumb Code     6  stm32f10x_rcc.o(.text)
    RCC_RTCCLKConfig                         0x080017af   Thumb Code    12  stm32f10x_rcc.o(.text)
    RCC_RTCCLKCmd                            0x080017bb   Thumb Code     8  stm32f10x_rcc.o(.text)
    RCC_GetClocksFreq                        0x080017c3   Thumb Code   192  stm32f10x_rcc.o(.text)
    RCC_AHBPeriphClockCmd                    0x08001883   Thumb Code    26  stm32f10x_rcc.o(.text)
    RCC_APB2PeriphClockCmd                   0x0800189d   Thumb Code    26  stm32f10x_rcc.o(.text)
    RCC_APB1PeriphClockCmd                   0x080018b7   Thumb Code    26  stm32f10x_rcc.o(.text)
    RCC_APB2PeriphResetCmd                   0x080018d1   Thumb Code    26  stm32f10x_rcc.o(.text)
    RCC_APB1PeriphResetCmd                   0x080018eb   Thumb Code    26  stm32f10x_rcc.o(.text)
    RCC_BackupResetCmd                       0x08001905   Thumb Code     8  stm32f10x_rcc.o(.text)
    RCC_ClockSecuritySystemCmd               0x0800190d   Thumb Code     6  stm32f10x_rcc.o(.text)
    RCC_MCOConfig                            0x08001913   Thumb Code     6  stm32f10x_rcc.o(.text)
    RCC_ClearFlag                            0x08001919   Thumb Code    14  stm32f10x_rcc.o(.text)
    RCC_GetITStatus                          0x08001927   Thumb Code    20  stm32f10x_rcc.o(.text)
    RCC_ClearITPendingBit                    0x0800193b   Thumb Code     6  stm32f10x_rcc.o(.text)
    RTC_ITConfig                             0x08001965   Thumb Code    26  stm32f10x_rtc.o(.text)
    RTC_EnterConfigMode                      0x0800197f   Thumb Code    18  stm32f10x_rtc.o(.text)
    RTC_ExitConfigMode                       0x08001991   Thumb Code    20  stm32f10x_rtc.o(.text)
    RTC_GetCounter                           0x080019a5   Thumb Code    18  stm32f10x_rtc.o(.text)
    RTC_SetCounter                           0x080019b7   Thumb Code    26  stm32f10x_rtc.o(.text)
    RTC_SetPrescaler                         0x080019d1   Thumb Code    28  stm32f10x_rtc.o(.text)
    RTC_SetAlarm                             0x080019ed   Thumb Code    26  stm32f10x_rtc.o(.text)
    RTC_GetDivider                           0x08001a07   Thumb Code    22  stm32f10x_rtc.o(.text)
    RTC_WaitForLastTask                      0x08001a1d   Thumb Code    18  stm32f10x_rtc.o(.text)
    RTC_WaitForSynchro                       0x08001a2f   Thumb Code    36  stm32f10x_rtc.o(.text)
    RTC_GetFlagStatus                        0x08001a53   Thumb Code    22  stm32f10x_rtc.o(.text)
    RTC_ClearFlag                            0x08001a69   Thumb Code    16  stm32f10x_rtc.o(.text)
    RTC_GetITStatus                          0x08001a79   Thumb Code    32  stm32f10x_rtc.o(.text)
    RTC_ClearITPendingBit                    0x08001a99   Thumb Code    16  stm32f10x_rtc.o(.text)
    SPI_I2S_DeInit                           0x08001aad   Thumb Code    76  stm32f10x_spi.o(.text)
    SPI_Init                                 0x08001af9   Thumb Code    60  stm32f10x_spi.o(.text)
    I2S_Init                                 0x08001b35   Thumb Code   226  stm32f10x_spi.o(.text)
    SPI_StructInit                           0x08001c17   Thumb Code    24  stm32f10x_spi.o(.text)
    I2S_StructInit                           0x08001c2f   Thumb Code    20  stm32f10x_spi.o(.text)
    SPI_Cmd                                  0x08001c43   Thumb Code    24  stm32f10x_spi.o(.text)
    I2S_Cmd                                  0x08001c5b   Thumb Code    24  stm32f10x_spi.o(.text)
    SPI_I2S_ITConfig                         0x08001c73   Thumb Code    32  stm32f10x_spi.o(.text)
    SPI_I2S_DMACmd                           0x08001c93   Thumb Code    18  stm32f10x_spi.o(.text)
    SPI_I2S_SendData                         0x08001ca5   Thumb Code     4  stm32f10x_spi.o(.text)
    SPI_I2S_ReceiveData                      0x08001ca9   Thumb Code     6  stm32f10x_spi.o(.text)
    SPI_NSSInternalSoftwareConfig            0x08001caf   Thumb Code    30  stm32f10x_spi.o(.text)
    SPI_SSOutputCmd                          0x08001ccd   Thumb Code    24  stm32f10x_spi.o(.text)
    SPI_DataSizeConfig                       0x08001ce5   Thumb Code    18  stm32f10x_spi.o(.text)
    SPI_TransmitCRC                          0x08001cf7   Thumb Code    10  stm32f10x_spi.o(.text)
    SPI_CalculateCRC                         0x08001d01   Thumb Code    24  stm32f10x_spi.o(.text)
    SPI_GetCRC                               0x08001d19   Thumb Code    16  stm32f10x_spi.o(.text)
    SPI_GetCRCPolynomial                     0x08001d29   Thumb Code     6  stm32f10x_spi.o(.text)
    SPI_BiDirectionalLineConfig              0x08001d2f   Thumb Code    28  stm32f10x_spi.o(.text)
    SPI_I2S_GetFlagStatus                    0x08001d4b   Thumb Code    18  stm32f10x_spi.o(.text)
    SPI_I2S_ClearFlag                        0x08001d5d   Thumb Code     6  stm32f10x_spi.o(.text)
    SPI_I2S_GetITStatus                      0x08001d63   Thumb Code    52  stm32f10x_spi.o(.text)
    SPI_I2S_ClearITPendingBit                0x08001d97   Thumb Code    20  stm32f10x_spi.o(.text)
    TIM_DeInit                               0x08001db9   Thumb Code   424  stm32f10x_tim.o(.text)
    TIM_TimeBaseInit                         0x08001f61   Thumb Code   122  stm32f10x_tim.o(.text)
    TIM_OC1Init                              0x08001fdb   Thumb Code   132  stm32f10x_tim.o(.text)
    TIM_OC2Init                              0x0800205f   Thumb Code   154  stm32f10x_tim.o(.text)
    TIM_OC3Init                              0x080020f9   Thumb Code   150  stm32f10x_tim.o(.text)
    TIM_OC4Init                              0x0800218f   Thumb Code   182  stm32f10x_tim.o(.text)
    TIM_SetIC4Prescaler                      0x08002245   Thumb Code    26  stm32f10x_tim.o(.text)
    TIM_SetIC3Prescaler                      0x080022e1   Thumb Code    18  stm32f10x_tim.o(.text)
    TIM_SetIC2Prescaler                      0x0800236d   Thumb Code    26  stm32f10x_tim.o(.text)
    TIM_SetIC1Prescaler                      0x08002409   Thumb Code    18  stm32f10x_tim.o(.text)
    TIM_ICInit                               0x08002487   Thumb Code   150  stm32f10x_tim.o(.text)
    TIM_PWMIConfig                           0x0800251d   Thumb Code   124  stm32f10x_tim.o(.text)
    TIM_BDTRConfig                           0x08002599   Thumb Code    32  stm32f10x_tim.o(.text)
    TIM_TimeBaseStructInit                   0x080025b9   Thumb Code    18  stm32f10x_tim.o(.text)
    TIM_OCStructInit                         0x080025cb   Thumb Code    20  stm32f10x_tim.o(.text)
    TIM_ICStructInit                         0x080025df   Thumb Code    18  stm32f10x_tim.o(.text)
    TIM_BDTRStructInit                       0x080025f1   Thumb Code    40  stm32f10x_tim.o(.text)
    TIM_Cmd                                  0x08002619   Thumb Code    24  stm32f10x_tim.o(.text)
    TIM_CtrlPWMOutputs                       0x08002631   Thumb Code    30  stm32f10x_tim.o(.text)
    TIM_ITConfig                             0x0800264f   Thumb Code    18  stm32f10x_tim.o(.text)
    TIM_GenerateEvent                        0x08002661   Thumb Code     4  stm32f10x_tim.o(.text)
    TIM_DMAConfig                            0x08002665   Thumb Code    10  stm32f10x_tim.o(.text)
    TIM_DMACmd                               0x0800266f   Thumb Code    18  stm32f10x_tim.o(.text)
    TIM_InternalClockConfig                  0x08002681   Thumb Code    12  stm32f10x_tim.o(.text)
    TIM_SelectInputTrigger                   0x0800268d   Thumb Code    18  stm32f10x_tim.o(.text)
    TIM_ITRxExternalClockConfig              0x0800269f   Thumb Code    24  stm32f10x_tim.o(.text)
    TIM_TIxExternalClockConfig               0x080026b7   Thumb Code    62  stm32f10x_tim.o(.text)
    TIM_ETRConfig                            0x080026f5   Thumb Code    28  stm32f10x_tim.o(.text)
    TIM_ETRClockMode1Config                  0x08002711   Thumb Code    54  stm32f10x_tim.o(.text)
    TIM_ETRClockMode2Config                  0x08002747   Thumb Code    32  stm32f10x_tim.o(.text)
    TIM_PrescalerConfig                      0x08002767   Thumb Code     6  stm32f10x_tim.o(.text)
    TIM_CounterModeConfig                    0x0800276d   Thumb Code    18  stm32f10x_tim.o(.text)
    TIM_EncoderInterfaceConfig               0x0800277f   Thumb Code    66  stm32f10x_tim.o(.text)
    TIM_ForcedOC1Config                      0x080027c1   Thumb Code    18  stm32f10x_tim.o(.text)
    TIM_ForcedOC2Config                      0x080027d3   Thumb Code    26  stm32f10x_tim.o(.text)
    TIM_ForcedOC3Config                      0x080027ed   Thumb Code    18  stm32f10x_tim.o(.text)
    TIM_ForcedOC4Config                      0x080027ff   Thumb Code    26  stm32f10x_tim.o(.text)
    TIM_ARRPreloadConfig                     0x08002819   Thumb Code    24  stm32f10x_tim.o(.text)
    TIM_SelectCOM                            0x08002831   Thumb Code    24  stm32f10x_tim.o(.text)
    TIM_SelectCCDMA                          0x08002849   Thumb Code    24  stm32f10x_tim.o(.text)
    TIM_CCPreloadControl                     0x08002861   Thumb Code    24  stm32f10x_tim.o(.text)
    TIM_OC1PreloadConfig                     0x08002879   Thumb Code    18  stm32f10x_tim.o(.text)
    TIM_OC2PreloadConfig                     0x0800288b   Thumb Code    26  stm32f10x_tim.o(.text)
    TIM_OC3PreloadConfig                     0x080028a5   Thumb Code    18  stm32f10x_tim.o(.text)
    TIM_OC4PreloadConfig                     0x080028b7   Thumb Code    26  stm32f10x_tim.o(.text)
    TIM_OC1FastConfig                        0x080028d1   Thumb Code    18  stm32f10x_tim.o(.text)
    TIM_OC2FastConfig                        0x080028e3   Thumb Code    26  stm32f10x_tim.o(.text)
    TIM_OC3FastConfig                        0x080028fd   Thumb Code    18  stm32f10x_tim.o(.text)
    TIM_OC4FastConfig                        0x0800290f   Thumb Code    26  stm32f10x_tim.o(.text)
    TIM_ClearOC1Ref                          0x08002929   Thumb Code    18  stm32f10x_tim.o(.text)
    TIM_ClearOC2Ref                          0x0800293b   Thumb Code    24  stm32f10x_tim.o(.text)
    TIM_ClearOC3Ref                          0x08002953   Thumb Code    18  stm32f10x_tim.o(.text)
    TIM_ClearOC4Ref                          0x08002965   Thumb Code    24  stm32f10x_tim.o(.text)
    TIM_OC1PolarityConfig                    0x0800297d   Thumb Code    18  stm32f10x_tim.o(.text)
    TIM_OC1NPolarityConfig                   0x0800298f   Thumb Code    18  stm32f10x_tim.o(.text)
    TIM_OC2PolarityConfig                    0x080029a1   Thumb Code    26  stm32f10x_tim.o(.text)
    TIM_OC2NPolarityConfig                   0x080029bb   Thumb Code    26  stm32f10x_tim.o(.text)
    TIM_OC3PolarityConfig                    0x080029d5   Thumb Code    26  stm32f10x_tim.o(.text)
    TIM_OC3NPolarityConfig                   0x080029ef   Thumb Code    26  stm32f10x_tim.o(.text)
    TIM_OC4PolarityConfig                    0x08002a09   Thumb Code    26  stm32f10x_tim.o(.text)
    TIM_CCxCmd                               0x08002a23   Thumb Code    30  stm32f10x_tim.o(.text)
    TIM_CCxNCmd                              0x08002a41   Thumb Code    30  stm32f10x_tim.o(.text)
    TIM_SelectOCxM                           0x08002a5f   Thumb Code    82  stm32f10x_tim.o(.text)
    TIM_UpdateDisableConfig                  0x08002ab1   Thumb Code    24  stm32f10x_tim.o(.text)
    TIM_UpdateRequestConfig                  0x08002ac9   Thumb Code    24  stm32f10x_tim.o(.text)
    TIM_SelectHallSensor                     0x08002ae1   Thumb Code    24  stm32f10x_tim.o(.text)
    TIM_SelectOnePulseMode                   0x08002af9   Thumb Code    18  stm32f10x_tim.o(.text)
    TIM_SelectOutputTrigger                  0x08002b0b   Thumb Code    18  stm32f10x_tim.o(.text)
    TIM_SelectSlaveMode                      0x08002b1d   Thumb Code    18  stm32f10x_tim.o(.text)
    TIM_SelectMasterSlaveMode                0x08002b2f   Thumb Code    18  stm32f10x_tim.o(.text)
    TIM_SetCounter                           0x08002b41   Thumb Code     4  stm32f10x_tim.o(.text)
    TIM_SetAutoreload                        0x08002b45   Thumb Code     4  stm32f10x_tim.o(.text)
    TIM_SetCompare1                          0x08002b49   Thumb Code     4  stm32f10x_tim.o(.text)
    TIM_SetCompare2                          0x08002b4d   Thumb Code     4  stm32f10x_tim.o(.text)
    TIM_SetCompare3                          0x08002b51   Thumb Code     4  stm32f10x_tim.o(.text)
    TIM_SetCompare4                          0x08002b55   Thumb Code     6  stm32f10x_tim.o(.text)
    TIM_SetClockDivision                     0x08002b5b   Thumb Code    18  stm32f10x_tim.o(.text)
    TIM_GetCapture1                          0x08002b6d   Thumb Code     6  stm32f10x_tim.o(.text)
    TIM_GetCapture2                          0x08002b73   Thumb Code     6  stm32f10x_tim.o(.text)
    TIM_GetCapture3                          0x08002b79   Thumb Code     6  stm32f10x_tim.o(.text)
    TIM_GetCapture4                          0x08002b7f   Thumb Code     8  stm32f10x_tim.o(.text)
    TIM_GetCounter                           0x08002b87   Thumb Code     6  stm32f10x_tim.o(.text)
    TIM_GetPrescaler                         0x08002b8d   Thumb Code     6  stm32f10x_tim.o(.text)
    TIM_GetFlagStatus                        0x08002b93   Thumb Code    18  stm32f10x_tim.o(.text)
    TIM_ClearFlag                            0x08002ba5   Thumb Code     6  stm32f10x_tim.o(.text)
    TIM_GetITStatus                          0x08002bab   Thumb Code    34  stm32f10x_tim.o(.text)
    TIM_ClearITPendingBit                    0x08002bcd   Thumb Code     6  stm32f10x_tim.o(.text)
    USART_DeInit                             0x08002bd5   Thumb Code   134  stm32f10x_usart.o(.text)
    USART_Init                               0x08002c5b   Thumb Code   210  stm32f10x_usart.o(.text)
    USART_StructInit                         0x08002d2d   Thumb Code    24  stm32f10x_usart.o(.text)
    USART_ClockInit                          0x08002d45   Thumb Code    34  stm32f10x_usart.o(.text)
    USART_ClockStructInit                    0x08002d67   Thumb Code    12  stm32f10x_usart.o(.text)
    USART_Cmd                                0x08002d73   Thumb Code    24  stm32f10x_usart.o(.text)
    USART_ITConfig                           0x08002d8b   Thumb Code    74  stm32f10x_usart.o(.text)
    USART_DMACmd                             0x08002dd5   Thumb Code    18  stm32f10x_usart.o(.text)
    USART_SetAddress                         0x08002de7   Thumb Code    18  stm32f10x_usart.o(.text)
    USART_WakeUpConfig                       0x08002df9   Thumb Code    18  stm32f10x_usart.o(.text)
    USART_ReceiverWakeUpCmd                  0x08002e0b   Thumb Code    24  stm32f10x_usart.o(.text)
    USART_LINBreakDetectLengthConfig         0x08002e23   Thumb Code    18  stm32f10x_usart.o(.text)
    USART_LINCmd                             0x08002e35   Thumb Code    24  stm32f10x_usart.o(.text)
    USART_SendData                           0x08002e4d   Thumb Code     8  stm32f10x_usart.o(.text)
    USART_ReceiveData                        0x08002e55   Thumb Code    10  stm32f10x_usart.o(.text)
    USART_SendBreak                          0x08002e5f   Thumb Code    10  stm32f10x_usart.o(.text)
    USART_SetGuardTime                       0x08002e69   Thumb Code    16  stm32f10x_usart.o(.text)
    USART_SetPrescaler                       0x08002e79   Thumb Code    16  stm32f10x_usart.o(.text)
    USART_SmartCardCmd                       0x08002e89   Thumb Code    24  stm32f10x_usart.o(.text)
    USART_SmartCardNACKCmd                   0x08002ea1   Thumb Code    24  stm32f10x_usart.o(.text)
    USART_HalfDuplexCmd                      0x08002eb9   Thumb Code    24  stm32f10x_usart.o(.text)
    USART_OverSampling8Cmd                   0x08002ed1   Thumb Code    22  stm32f10x_usart.o(.text)
    USART_OneBitMethodCmd                    0x08002ee7   Thumb Code    24  stm32f10x_usart.o(.text)
    USART_IrDAConfig                         0x08002eff   Thumb Code    18  stm32f10x_usart.o(.text)
    USART_IrDACmd                            0x08002f11   Thumb Code    24  stm32f10x_usart.o(.text)
    USART_GetFlagStatus                      0x08002f29   Thumb Code    26  stm32f10x_usart.o(.text)
    USART_ClearFlag                          0x08002f43   Thumb Code    18  stm32f10x_usart.o(.text)
    USART_GetITStatus                        0x08002f55   Thumb Code    84  stm32f10x_usart.o(.text)
    USART_ClearITPendingBit                  0x08002fa9   Thumb Code    52  stm32f10x_usart.o(.text)
    main                                     0x08002fdd   Thumb Code   268  main.o(.text)
    NMI_Handler                              0x0800311d   Thumb Code     2  stm32f10x_it.o(.text)
    HardFault_Handler                        0x0800311f   Thumb Code     4  stm32f10x_it.o(.text)
    MemManage_Handler                        0x08003123   Thumb Code     4  stm32f10x_it.o(.text)
    BusFault_Handler                         0x08003127   Thumb Code     4  stm32f10x_it.o(.text)
    UsageFault_Handler                       0x0800312b   Thumb Code     4  stm32f10x_it.o(.text)
    SVC_Handler                              0x0800312f   Thumb Code     2  stm32f10x_it.o(.text)
    DebugMon_Handler                         0x08003131   Thumb Code     2  stm32f10x_it.o(.text)
    PendSV_Handler                           0x08003133   Thumb Code     2  stm32f10x_it.o(.text)
    SysTick_Handler                          0x08003135   Thumb Code     8  stm32f10x_it.o(.text)
    RTC_IRQHandler                           0x0800313d   Thumb Code    28  stm32f10x_it.o(.text)
    TIM6_IRQHandler                          0x08003159   Thumb Code    32  stm32f10x_it.o(.text)
    GregorianDay                             0x08003185   Thumb Code   146  bsp_date.o(.text)
    mktimev                                  0x08003217   Thumb Code   120  bsp_date.o(.text)
    to_tm                                    0x0800328f   Thumb Code   194  bsp_date.o(.text)
    RTC_NVIC_Config                          0x08003361   Thumb Code    42  bsp_rtc.o(.text)
    RTC_Configuration                        0x0800338b   Thumb Code    88  bsp_rtc.o(.text)
    Time_Adjust                              0x080033e3   Thumb Code    40  bsp_rtc.o(.text)
    RTC_CheckAndConfig                       0x0800340b   Thumb Code   140  bsp_rtc.o(.text)
    Time_Regulate_Get                        0x08003497   Thumb Code   452  bsp_rtc.o(.text)
    USART_Config                             0x08003805   Thumb Code   120  bsp_usart.o(.text)
    fputc                                    0x0800387d   Thumb Code    32  bsp_usart.o(.text)
    fgetc                                    0x0800389d   Thumb Code    26  bsp_usart.o(.text)
    ILI9341_GramScan                         0x08003cf9   Thumb Code   172  bsp_ili9341_lcd.o(.text)
    ILI9341_Rst                              0x08003da5   Thumb Code    36  bsp_ili9341_lcd.o(.text)
    ILI9341_BackLed_Control                  0x08003dc9   Thumb Code    30  bsp_ili9341_lcd.o(.text)
    ILI9341_Init                             0x08003de7   Thumb Code    34  bsp_ili9341_lcd.o(.text)
    ILI9341_OpenWindow                       0x08003e09   Thumb Code    96  bsp_ili9341_lcd.o(.text)
    ILI9341_Clear                            0x08003e9d   Thumb Code    40  bsp_ili9341_lcd.o(.text)
    ILI9341_SetPointPixel                    0x08003ec5   Thumb Code    42  bsp_ili9341_lcd.o(.text)
    ILI9341_GetPointPixel                    0x08003f25   Thumb Code    24  bsp_ili9341_lcd.o(.text)
    ILI9341_DrawLine                         0x08003f3d   Thumb Code   160  bsp_ili9341_lcd.o(.text)
    ILI9341_DrawRectangle                    0x08003fdd   Thumb Code   132  bsp_ili9341_lcd.o(.text)
    ILI9341_DrawCircle                       0x08004061   Thumb Code   344  bsp_ili9341_lcd.o(.text)
    ILI9341_DispChar_EN                      0x080041b9   Thumb Code   138  bsp_ili9341_lcd.o(.text)
    ILI9341_DispStringLine_EN                0x08004243   Thumb Code    92  bsp_ili9341_lcd.o(.text)
    ILI9341_DispString_EN                    0x0800429f   Thumb Code    92  bsp_ili9341_lcd.o(.text)
    ILI9341_DispString_EN_YDir               0x080042fb   Thumb Code    92  bsp_ili9341_lcd.o(.text)
    LCD_SetFont                              0x08004357   Thumb Code     6  bsp_ili9341_lcd.o(.text)
    LCD_GetFont                              0x0800435d   Thumb Code     6  bsp_ili9341_lcd.o(.text)
    LCD_SetColors                            0x08004363   Thumb Code    10  bsp_ili9341_lcd.o(.text)
    LCD_GetColors                            0x0800436d   Thumb Code    14  bsp_ili9341_lcd.o(.text)
    LCD_SetTextColor                         0x0800437b   Thumb Code     6  bsp_ili9341_lcd.o(.text)
    LCD_SetBackColor                         0x08004381   Thumb Code     6  bsp_ili9341_lcd.o(.text)
    LCD_ClearLine                            0x08004387   Thumb Code    26  bsp_ili9341_lcd.o(.text)
    ILI9341_DispChar_CH                      0x080043a1   Thumb Code   122  bsp_ili9341_lcd.o(.text)
    ILI9341_DispString_CH                    0x0800441b   Thumb Code    86  bsp_ili9341_lcd.o(.text)
    ILI9341_DispStringLine_EN_CH             0x08004471   Thumb Code   168  bsp_ili9341_lcd.o(.text)
    ILI9341_DispString_EN_CH                 0x08004519   Thumb Code   188  bsp_ili9341_lcd.o(.text)
    ILI9341_DispString_EN_CH_YDir            0x080045d5   Thumb Code   112  bsp_ili9341_lcd.o(.text)
    ILI9341_zoomChar                         0x08004645   Thumb Code   378  bsp_ili9341_lcd.o(.text)
    ILI9341_DrawChar_Ex                      0x080047bf   Thumb Code    92  bsp_ili9341_lcd.o(.text)
    ILI9341_DisplayStringEx                  0x0800481b   Thumb Code   246  bsp_ili9341_lcd.o(.text)
    ILI9341_DisplayStringEx_YDir             0x08004911   Thumb Code   280  bsp_ili9341_lcd.o(.text)
    ILI9341_DrawBmp                          0x08004a29   Thumb Code   126  bsp_ili9341_lcd.o(.text)
    switch_system_back                       0x08004aa7   Thumb Code    30  bsp_ili9341_lcd.o(.text)
    GetGBKCode_from_EXFlash                  0x08004add   Thumb Code    74  fonts.o(.text)
    Key_GPIO_Config                          0x08004b31   Thumb Code    54  bsp_key.o(.text)
    Key_Scan                                 0x08004b67   Thumb Code    40  bsp_key.o(.text)
    SPI_FLASH_Init                           0x08004b99   Thumb Code   178  bsp_spi_flash.o(.text)
    SPI_FLASH_SendByte                       0x08004c5b   Thumb Code   110  bsp_spi_flash.o(.text)
    SPI_FLASH_WaitForWriteEnd                0x08004cc9   Thumb Code    46  bsp_spi_flash.o(.text)
    SPI_FLASH_WriteEnable                    0x08004cf7   Thumb Code    26  bsp_spi_flash.o(.text)
    SPI_FLASH_SectorErase                    0x08004d11   Thumb Code    62  bsp_spi_flash.o(.text)
    SPI_FLASH_BulkErase                      0x08004d4f   Thumb Code    34  bsp_spi_flash.o(.text)
    SPI_FLASH_PageWrite                      0x08004d71   Thumb Code    98  bsp_spi_flash.o(.text)
    SPI_FLASH_BufferWrite                    0x08004dd3   Thumb Code   290  bsp_spi_flash.o(.text)
    SPI_FLASH_BufferRead                     0x08004ef5   Thumb Code    76  bsp_spi_flash.o(.text)
    SPI_FLASH_ReadID                         0x08004f41   Thumb Code    74  bsp_spi_flash.o(.text)
    SPI_FLASH_ReadDeviceID                   0x08004f8b   Thumb Code   174  bsp_spi_flash.o(.text)
    SPI_FLASH_StartReadSequence              0x08005039   Thumb Code    42  bsp_spi_flash.o(.text)
    SPI_FLASH_ReadByte                       0x08005063   Thumb Code    10  bsp_spi_flash.o(.text)
    SPI_FLASH_SendHalfWord                   0x0800506d   Thumb Code   104  bsp_spi_flash.o(.text)
    SPI_Flash_PowerDown                      0x080050d5   Thumb Code    26  bsp_spi_flash.o(.text)
    SPI_Flash_WAKEUP                         0x080050ef   Thumb Code    26  bsp_spi_flash.o(.text)
    XPT2046_Init                             0x08005115   Thumb Code   134  bsp_xpt2046_lcd.o(.text)
    XPT2046_Touch_Calibrate                  0x080055ff   Thumb Code  1244  bsp_xpt2046_lcd.o(.text)
    Calibrate_or_Get_TouchParaWithFlash      0x08005adb   Thumb Code   134  bsp_xpt2046_lcd.o(.text)
    XPT2046_Get_TouchedPoint                 0x08005b61   Thumb Code   232  bsp_xpt2046_lcd.o(.text)
    XPT2046_TouchDetect                      0x08005c49   Thumb Code   162  bsp_xpt2046_lcd.o(.text)
    XPT2046_TouchDown                        0x08005ceb   Thumb Code   130  bsp_xpt2046_lcd.o(.text)
    XPT2046_TouchUp                          0x08005d6d   Thumb Code   130  bsp_xpt2046_lcd.o(.text)
    XPT2046_TouchEvenHandler                 0x08005def   Thumb Code    98  bsp_xpt2046_lcd.o(.text)
    LED_GPIO_Config                          0x08005e89   Thumb Code    90  bsp_led.o(.text)
    timeZoneInit                             0x08005ee9   Thumb Code   510  common.o(.text)
    BASIC_TIM_Init                           0x08006237   Thumb Code    12  bsp_timbase.o(.text)
    SysTick_Init                             0x08006295   Thumb Code    26  bsp_systick.o(.text)
    Delay_us                                 0x080062af   Thumb Code    36  bsp_systick.o(.text)
    TimingDelay_Decrement                    0x080062d3   Thumb Code    18  bsp_systick.o(.text)
    SysTick_Delay_Us                         0x080062e5   Thumb Code    64  bsp_systick.o(.text)
    SysTick_Delay_Ms                         0x08006325   Thumb Code    66  bsp_systick.o(.text)
    TPAD_Reset                               0x080063fd   Thumb Code    66  bsp_tpad.o(.text)
    TPAD_Get_Val                             0x0800643f   Thumb Code    66  bsp_tpad.o(.text)
    TPAD_TIM_Init                            0x08006481   Thumb Code    12  bsp_tpad.o(.text)
    TPAD_Init                                0x0800648d   Thumb Code    40  bsp_tpad.o(.text)
    TPAD_Get_MaxVal                          0x080064b5   Thumb Code    36  bsp_tpad.o(.text)
    TPAD_Scan                                0x080064d9   Thumb Code    78  bsp_tpad.o(.text)
    Temp_ADC1_Init                           0x0800663f   Thumb Code    12  bsp_tempad.o(.text)
    DS18B20_Init                             0x0800672d   Thumb Code    24  bsp_ds18b20.o(.text)
    DS18B20_GetTemp_SkipRom                  0x08006817   Thumb Code   108  bsp_ds18b20.o(.text)
    DS18B20_ReadId                           0x08006883   Thumb Code    30  bsp_ds18b20.o(.text)
    DS18B20_GetTemp_MatchRom                 0x080068a1   Thumb Code   150  bsp_ds18b20.o(.text)
    FAN_GPIO_Config                          0x08006941   Thumb Code    66  fan.o(.text)
    BEEP_GPIO_Config                         0x08006989   Thumb Code    50  bsp_beep.o(.text)
    Sound                                    0x080069bb   Thumb Code    60  bsp_beep.o(.text)
    play                                     0x080069f7   Thumb Code   104  bsp_beep.o(.text)
    Create_Temperature_layer                 0x08006bb9   Thumb Code    20  temperature.o(.text)
    Show_Temperature_layer                   0x08006bcd   Thumb Code   646  temperature.o(.text)
    Temperature_Button_Hover                 0x08006e53   Thumb Code   408  temperature.o(.text)
    Temperature_Button_Release               0x08006feb   Thumb Code   178  temperature.o(.text)
    Create_Clock_Stop_layer                  0x0800717d   Thumb Code    24  clock_stop.o(.text)
    Show_Clock_Stop_layer                    0x080076db   Thumb Code   476  clock_stop.o(.text)
    Clock_Stop_Button_Hover                  0x080078b7   Thumb Code   324  clock_stop.o(.text)
    Clock_Stop_Button_Release                0x080079fb   Thumb Code   192  clock_stop.o(.text)
    Create_Clock_Alert_layer                 0x08007b19   Thumb Code    18  clock_alert.o(.text)
    alert_Init                               0x08007e59   Thumb Code   102  clock_alert.o(.text)
    Show_Clock_Alert_layer                   0x08008071   Thumb Code   240  clock_alert.o(.text)
    Clock_Alert_Button_Hover                 0x08008161   Thumb Code   236  clock_alert.o(.text)
    Clock_Alert_Button_Release               0x0800824d   Thumb Code   178  clock_alert.o(.text)
    Create_Clock_layer                       0x08008357   Thumb Code    16  clock.o(.text)
    Show_Clock_layer                         0x080088e3   Thumb Code   160  clock.o(.text)
    Clock_Button_Hover                       0x08008983   Thumb Code   240  clock.o(.text)
    Clock_Button_Release                     0x08008a73   Thumb Code   178  clock.o(.text)
    Create_Clock_Zone_Config_layer           0x0800905f   Thumb Code    28  clock_zone_config.o(.text)
    Show_Clock_Zone_Config_layer             0x0800913b   Thumb Code   566  clock_zone_config.o(.text)
    Clock_Zone_Config_Button_Hover           0x08009371   Thumb Code   580  clock_zone_config.o(.text)
    Clock_Zone_Config_Button_Release         0x080095b5   Thumb Code   348  clock_zone_config.o(.text)
    Create_Library_layer                     0x08009911   Thumb Code    18  library.o(.text)
    Show_Library_layer                       0x08009923   Thumb Code   392  library.o(.text)
    Library_Button_Hover                     0x08009aab   Thumb Code   376  library.o(.text)
    Library_Button_Release                   0x08009c23   Thumb Code   178  library.o(.text)
    Draw_Color_Button                        0x08009cd9   Thumb Code  1978  button.o(.text)
    __aeabi_memcpy                           0x0800a4a5   Thumb Code    36  memcpya.o(.text)
    __aeabi_memcpy4                          0x0800a4a5   Thumb Code     0  memcpya.o(.text)
    __aeabi_memcpy8                          0x0800a4a5   Thumb Code     0  memcpya.o(.text)
    __aeabi_memset                           0x0800a4c9   Thumb Code    14  memseta.o(.text)
    __aeabi_memset4                          0x0800a4c9   Thumb Code     0  memseta.o(.text)
    __aeabi_memset8                          0x0800a4c9   Thumb Code     0  memseta.o(.text)
    __aeabi_memclr                           0x0800a4d7   Thumb Code     4  memseta.o(.text)
    __aeabi_memclr4                          0x0800a4d7   Thumb Code     0  memseta.o(.text)
    __aeabi_memclr8                          0x0800a4d7   Thumb Code     0  memseta.o(.text)
    _memset$wrapper                          0x0800a4db   Thumb Code    18  memseta.o(.text)
    strlen                                   0x0800a4ed   Thumb Code    14  strlen.o(.text)
    strcmp                                   0x0800a4fb   Thumb Code    28  strcmp.o(.text)
    __0scanf                                 0x0800a519   Thumb Code    26  __0scanf.o(.text)
    _scanf_int                               0x0800a539   Thumb Code   332  _scanf_int.o(.text)
    __aeabi_fadd                             0x0800a685   Thumb Code   164  fadd.o(.text)
    __aeabi_fsub                             0x0800a729   Thumb Code     6  fadd.o(.text)
    __aeabi_frsub                            0x0800a72f   Thumb Code     6  fadd.o(.text)
    __aeabi_fmul                             0x0800a735   Thumb Code   100  fmul.o(.text)
    __aeabi_fdiv                             0x0800a799   Thumb Code   124  fdiv.o(.text)
    __aeabi_dadd                             0x0800a815   Thumb Code   322  dadd.o(.text)
    __aeabi_dsub                             0x0800a957   Thumb Code     6  dadd.o(.text)
    __aeabi_drsub                            0x0800a95d   Thumb Code     6  dadd.o(.text)
    __aeabi_dmul                             0x0800a963   Thumb Code   228  dmul.o(.text)
    __aeabi_ddiv                             0x0800aa47   Thumb Code   222  ddiv.o(.text)
    __aeabi_i2f                              0x0800ab25   Thumb Code    18  fflti.o(.text)
    __aeabi_i2d                              0x0800ab37   Thumb Code    34  dflti.o(.text)
    __aeabi_ui2d                             0x0800ab59   Thumb Code    26  dfltui.o(.text)
    __aeabi_f2iz                             0x0800ab73   Thumb Code    50  ffixi.o(.text)
    __aeabi_f2uiz                            0x0800aba5   Thumb Code    40  ffixui.o(.text)
    __aeabi_d2uiz                            0x0800abcd   Thumb Code    50  dfixui.o(.text)
    __aeabi_f2d                              0x0800abff   Thumb Code    38  f2d.o(.text)
    __aeabi_d2f                              0x0800ac25   Thumb Code    56  d2f.o(.text)
    __aeabi_cfcmpeq                          0x0800ac5d   Thumb Code     0  cfcmple.o(.text)
    __aeabi_cfcmple                          0x0800ac5d   Thumb Code    20  cfcmple.o(.text)
    __aeabi_uidiv                            0x0800ac71   Thumb Code     0  uidiv.o(.text)
    __aeabi_uidivmod                         0x0800ac71   Thumb Code    44  uidiv.o(.text)
    __aeabi_uldivmod                         0x0800ac9d   Thumb Code    98  uldiv.o(.text)
    __aeabi_llsl                             0x0800acff   Thumb Code    30  llshl.o(.text)
    _ll_shift_l                              0x0800acff   Thumb Code     0  llshl.o(.text)
    __aeabi_llsr                             0x0800ad1d   Thumb Code    32  llushr.o(.text)
    _ll_ushift_r                             0x0800ad1d   Thumb Code     0  llushr.o(.text)
    __aeabi_lasr                             0x0800ad3d   Thumb Code    36  llsshr.o(.text)
    _ll_sshift_r                             0x0800ad3d   Thumb Code     0  llsshr.o(.text)
    _chval                                   0x0800ad61   Thumb Code    28  _chval.o(.text)
    __vfscanf_char_file                      0x0800ad7d   Thumb Code    12  scanf_char_file.o(.text)
    __I$use$fp                               0x0800ad91   Thumb Code     0  iusefp.o(.text)
    _float_round                             0x0800ad91   Thumb Code    18  fepilogue.o(.text)
    _float_epilogue                          0x0800ada3   Thumb Code    92  fepilogue.o(.text)
    _double_round                            0x0800adff   Thumb Code    30  depilogue.o(.text)
    _double_epilogue                         0x0800ae1d   Thumb Code   156  depilogue.o(.text)
    __aeabi_d2ulz                            0x0800aeb9   Thumb Code    48  dfixul.o(.text)
    __aeabi_cdrcmple                         0x0800aee9   Thumb Code    48  cdrcmple.o(.text)
    __scatterload                            0x0800af19   Thumb Code    28  init.o(.text)
    __scatterload_rt2                        0x0800af19   Thumb Code     0  init.o(.text)
    _fgetc$bs                                0x0800af3d   Thumb Code    28  fgetc_b.o(.text)
    __backspace                              0x0800af59   Thumb Code    10  fgetc_b.o(.text)
    __vfscanf_char                           0x0800af75   Thumb Code    20  scanf_char.o(.text)
    __semihosting_library_function           0x0800af91   Thumb Code     0  semi.o(.text)
    isspace                                  0x0800af91   Thumb Code    10  isspace_c.o(.text)
    __vfscanf                                0x0800af9d   Thumb Code   808  _scanf.o(.text)
    __I$use$semihosting$fgetc                0x0800b2c9   Thumb Code     0  iusesemig.o(.text)
    __ctype_lookup                           0x0800b2c9   Thumb Code    34  ctype_c.o(.text)
    __decompress                             0x0800b2f1   Thumb Code     0  __dczerorl2.o(.text)
    __decompress1                            0x0800b2f1   Thumb Code    86  __dczerorl2.o(.text)
    ILI9341_Read_Data                        0x0800b349   Thumb Code     6  bsp_ili9341_lcd.o(i.ILI9341_Read_Data)
    ILI9341_Write_Cmd                        0x0800b355   Thumb Code     8  bsp_ili9341_lcd.o(i.ILI9341_Write_Cmd)
    ILI9341_Write_Data                       0x0800b35d   Thumb Code     6  bsp_ili9341_lcd.o(i.ILI9341_Write_Data)
    __0printf                                0x0800b369   Thumb Code    22  printfa.o(i.__0printf)
    __1printf                                0x0800b369   Thumb Code     0  printfa.o(i.__0printf)
    __2printf                                0x0800b369   Thumb Code     0  printfa.o(i.__0printf)
    __c89printf                              0x0800b369   Thumb Code     0  printfa.o(i.__0printf)
    printf                                   0x0800b369   Thumb Code     0  printfa.o(i.__0printf)
    __0sprintf                               0x0800b389   Thumb Code    34  printfa.o(i.__0sprintf)
    __1sprintf                               0x0800b389   Thumb Code     0  printfa.o(i.__0sprintf)
    __2sprintf                               0x0800b389   Thumb Code     0  printfa.o(i.__0sprintf)
    __c89sprintf                             0x0800b389   Thumb Code     0  printfa.o(i.__0sprintf)
    sprintf                                  0x0800b389   Thumb Code     0  printfa.o(i.__0sprintf)
    __scatterload_copy                       0x0800b3b1   Thumb Code    14  handlers.o(i.__scatterload_copy)
    __scatterload_null                       0x0800b3bf   Thumb Code     2  handlers.o(i.__scatterload_null)
    __scatterload_zeroinit                   0x0800b3c1   Thumb Code    14  handlers.o(i.__scatterload_zeroinit)
    ASCII8x16_Table                          0x0800bcbc   Data        1520  fonts.o(.constdata)
    ASCII16x24_Table                         0x0800c2ac   Data        4560  fonts.o(.constdata)
    ASCII24x32_Table                         0x0800d47c   Data        9120  fonts.o(.constdata)
    icon32                                   0x0800f81c   Data        2048  fonts.o(.constdata)
    __ctype_categories                       0x08010038   Data          64  ctype_c.o(.constdata)
    Region$$Table$$Base                      0x080102f4   Number         0  anon$$obj.o(Region$$Table)
    Region$$Table$$Limit                     0x08010314   Number         0  anon$$obj.o(Region$$Table)
    SystemCoreClock                          0x20000000   Data           4  system_stm32f10x.o(.data)
    AHBPrescTable                            0x20000004   Data          16  system_stm32f10x.o(.data)
    systmtime                                0x20000028   Data          28  main.o(.data)
    system_back                              0x20000074   Data           4  bsp_ili9341_lcd.o(.data)
    first_display                            0x20000078   Data           1  bsp_ili9341_lcd.o(.data)
    page                                     0x20000079   Data           1  bsp_ili9341_lcd.o(.data)
    LCD_X_LENGTH                             0x2000007a   Data           2  bsp_ili9341_lcd.o(.data)
    LCD_Y_LENGTH                             0x2000007c   Data           2  bsp_ili9341_lcd.o(.data)
    LCD_SCAN_MODE                            0x2000007e   Data           1  bsp_ili9341_lcd.o(.data)
    Font8x16                                 0x20000088   Data           8  fonts.o(.data)
    Font16x24                                0x20000090   Data           8  fonts.o(.data)
    Font24x32                                0x20000098   Data           8  fonts.o(.data)
    strXPT2046_TouchPara                     0x200000a8   Data         192  bsp_xpt2046_lcd.o(.data)
    ucXPT2046_TouchFlag                      0x20000168   Data           1  bsp_xpt2046_lcd.o(.data)
    WEEK_STR                                 0x20000178   Data          28  common.o(.data)
    zodiac_sign                              0x20000194   Data          48  common.o(.data)
    en_WEEK_STR                              0x200001c4   Data          28  common.o(.data)
    en_zodiac_sign                           0x200001e0   Data          48  common.o(.data)
    tpad_default_val                         0x20000214   Data           2  bsp_tpad.o(.data)
    ADC_ConvertedValue                       0x20000218   Data           2  bsp_tempad.o(.data)
    uc                                       0x2000021a   Data           1  bsp_ds18b20.o(.data)
    ucDs18b20Id                              0x2000021b   Data           8  bsp_ds18b20.o(.data)
    time_stamp_ms                            0x20000228   Data           4  clock_stop.o(.data)
    TimeDisplay                              0x20000244   Data           4  clock.o(.data)
    __stdin                                  0x2000025c   Data           4  stdin.o(.data)
    __stdout                                 0x20000260   Data           4  stdout.o(.data)
    zoomBuff                                 0x20000268   Data       16384  bsp_ili9341_lcd.o(.bss)
    zoomTempBuff                             0x20004268   Data        1024  bsp_ili9341_lcd.o(.bss)
    zone                                     0x20004668   Data         300  common.o(.bss)
    __initial_sp                             0x20005488   Data           0  startup_stm32f10x_hd.o(STACK)



==============================================================================

Memory Map of the image

  Image Entry point : 0x08000131

  Load Region LR_IROM1 (Base: 0x08000000, Size: 0x0001057c, Max: 0x00080000, ABSOLUTE, COMPRESSED[0x000104b4])

    Execution Region ER_IROM1 (Exec base: 0x08000000, Load base: 0x08000000, Size: 0x00010314, Max: 0x00080000, ABSOLUTE)

    Exec Addr    Load Addr    Size         Type   Attr      Idx    E Section Name        Object

    0x08000000   0x08000000   0x00000130   Data   RO            3    RESET               startup_stm32f10x_hd.o
    0x08000130   0x08000130   0x00000000   Code   RO          961  * .ARM.Collect$$$$00000000  mc_w.l(entry.o)
    0x08000130   0x08000130   0x00000004   Code   RO         1269    .ARM.Collect$$$$00000001  mc_w.l(entry2.o)
    0x08000134   0x08000134   0x00000004   Code   RO         1272    .ARM.Collect$$$$00000004  mc_w.l(entry5.o)
    0x08000138   0x08000138   0x00000000   Code   RO         1274    .ARM.Collect$$$$00000008  mc_w.l(entry7b.o)
    0x08000138   0x08000138   0x00000000   Code   RO         1276    .ARM.Collect$$$$0000000A  mc_w.l(entry8b.o)
    0x08000138   0x08000138   0x00000008   Code   RO         1277    .ARM.Collect$$$$0000000B  mc_w.l(entry9a.o)
    0x08000140   0x08000140   0x00000000   Code   RO         1279    .ARM.Collect$$$$0000000D  mc_w.l(entry10a.o)
    0x08000140   0x08000140   0x00000000   Code   RO         1281    .ARM.Collect$$$$0000000F  mc_w.l(entry11a.o)
    0x08000140   0x08000140   0x00000004   Code   RO         1270    .ARM.Collect$$$$00002712  mc_w.l(entry2.o)
    0x08000144   0x08000144   0x00000024   Code   RO            4    .text               startup_stm32f10x_hd.o
    0x08000168   0x08000168   0x000001e0   Code   RO           24    .text               system_stm32f10x.o
    0x08000348   0x08000348   0x000000dc   Code   RO          121    .text               misc.o
    0x08000424   0x08000424   0x0000044e   Code   RO          137    .text               stm32f10x_adc.o
    0x08000872   0x08000872   0x00000002   PAD
    0x08000874   0x08000874   0x000000c4   Code   RO          149    .text               stm32f10x_bkp.o
    0x08000938   0x08000938   0x00000254   Code   RO          221    .text               stm32f10x_dma.o
    0x08000b8c   0x08000b8c   0x0000060c   Code   RO          257    .text               stm32f10x_fsmc.o
    0x08001198   0x08001198   0x0000035c   Code   RO          269    .text               stm32f10x_gpio.o
    0x080014f4   0x080014f4   0x000000cc   Code   RO          305    .text               stm32f10x_pwr.o
    0x080015c0   0x080015c0   0x000003a4   Code   RO          317    .text               stm32f10x_rcc.o
    0x08001964   0x08001964   0x00000148   Code   RO          331    .text               stm32f10x_rtc.o
    0x08001aac   0x08001aac   0x0000030c   Code   RO          355    .text               stm32f10x_spi.o
    0x08001db8   0x08001db8   0x00000e1a   Code   RO          367    .text               stm32f10x_tim.o
    0x08002bd2   0x08002bd2   0x00000002   PAD
    0x08002bd4   0x08002bd4   0x00000408   Code   RO          379    .text               stm32f10x_usart.o
    0x08002fdc   0x08002fdc   0x00000140   Code   RO          403    .text               main.o
    0x0800311c   0x0800311c   0x00000068   Code   RO          504    .text               stm32f10x_it.o
    0x08003184   0x08003184   0x000001dc   Code   RO          540    .text               bsp_date.o
    0x08003360   0x08003360   0x000004a4   Code   RO          555    .text               bsp_rtc.o
    0x08003804   0x08003804   0x000000bc   Code   RO          568    .text               bsp_usart.o
    0x080038c0   0x080038c0   0x0000121c   Code   RO          580    .text               bsp_ili9341_lcd.o
    0x08004adc   0x08004adc   0x00000054   Code   RO          624    .text               fonts.o
    0x08004b30   0x08004b30   0x00000068   Code   RO          646    .text               bsp_key.o
    0x08004b98   0x08004b98   0x0000057c   Code   RO          658    .text               bsp_spi_flash.o
    0x08005114   0x08005114   0x00000d74   Code   RO          672    .text               bsp_xpt2046_lcd.o
    0x08005e88   0x08005e88   0x00000060   Code   RO          690    .text               bsp_led.o
    0x08005ee8   0x08005ee8   0x000002e8   Code   RO          702    .text               common.o
    0x080061d0   0x080061d0   0x00000078   Code   RO          719    .text               bsp_timbase.o
    0x08006248   0x08006248   0x00000134   Code   RO          734    .text               bsp_systick.o
    0x0800637c   0x0800637c   0x000001dc   Code   RO          755    .text               bsp_tpad.o
    0x08006558   0x08006558   0x00000100   Code   RO          773    .text               bsp_tempad.o
    0x08006658   0x08006658   0x000002e8   Code   RO          788    .text               bsp_ds18b20.o
    0x08006940   0x08006940   0x00000048   Code   RO          803    .text               fan.o
    0x08006988   0x08006988   0x000000fc   Code   RO          815    .text               bsp_beep.o
    0x08006a84   0x08006a84   0x0000061c   Code   RO          834    .text               temperature.o
    0x080070a0   0x080070a0   0x00000a20   Code   RO          854    .text               clock_stop.o
    0x08007ac0   0x08007ac0   0x0000088c   Code   RO          870    .text               clock_alert.o
    0x0800834c   0x0800834c   0x00000828   Code   RO          892    .text               clock.o
    0x08008b74   0x08008b74   0x00000ba4   Code   RO          908    .text               clock_zone_config.o
    0x08009718   0x08009718   0x000005c0   Code   RO          934    .text               library.o
    0x08009cd8   0x08009cd8   0x000007cc   Code   RO          949    .text               button.o
    0x0800a4a4   0x0800a4a4   0x00000024   Code   RO          964    .text               mc_w.l(memcpya.o)
    0x0800a4c8   0x0800a4c8   0x00000024   Code   RO          966    .text               mc_w.l(memseta.o)
    0x0800a4ec   0x0800a4ec   0x0000000e   Code   RO          968    .text               mc_w.l(strlen.o)
    0x0800a4fa   0x0800a4fa   0x0000001c   Code   RO          970    .text               mc_w.l(strcmp.o)
    0x0800a516   0x0800a516   0x00000002   PAD
    0x0800a518   0x0800a518   0x00000020   Code   RO         1235    .text               mc_w.l(__0scanf.o)
    0x0800a538   0x0800a538   0x0000014c   Code   RO         1237    .text               mc_w.l(_scanf_int.o)
    0x0800a684   0x0800a684   0x000000b0   Code   RO         1239    .text               mf_w.l(fadd.o)
    0x0800a734   0x0800a734   0x00000064   Code   RO         1241    .text               mf_w.l(fmul.o)
    0x0800a798   0x0800a798   0x0000007c   Code   RO         1243    .text               mf_w.l(fdiv.o)
    0x0800a814   0x0800a814   0x0000014e   Code   RO         1245    .text               mf_w.l(dadd.o)
    0x0800a962   0x0800a962   0x000000e4   Code   RO         1247    .text               mf_w.l(dmul.o)
    0x0800aa46   0x0800aa46   0x000000de   Code   RO         1249    .text               mf_w.l(ddiv.o)
    0x0800ab24   0x0800ab24   0x00000012   Code   RO         1251    .text               mf_w.l(fflti.o)
    0x0800ab36   0x0800ab36   0x00000022   Code   RO         1253    .text               mf_w.l(dflti.o)
    0x0800ab58   0x0800ab58   0x0000001a   Code   RO         1255    .text               mf_w.l(dfltui.o)
    0x0800ab72   0x0800ab72   0x00000032   Code   RO         1257    .text               mf_w.l(ffixi.o)
    0x0800aba4   0x0800aba4   0x00000028   Code   RO         1259    .text               mf_w.l(ffixui.o)
    0x0800abcc   0x0800abcc   0x00000032   Code   RO         1261    .text               mf_w.l(dfixui.o)
    0x0800abfe   0x0800abfe   0x00000026   Code   RO         1263    .text               mf_w.l(f2d.o)
    0x0800ac24   0x0800ac24   0x00000038   Code   RO         1265    .text               mf_w.l(d2f.o)
    0x0800ac5c   0x0800ac5c   0x00000014   Code   RO         1267    .text               mf_w.l(cfcmple.o)
    0x0800ac70   0x0800ac70   0x0000002c   Code   RO         1285    .text               mc_w.l(uidiv.o)
    0x0800ac9c   0x0800ac9c   0x00000062   Code   RO         1287    .text               mc_w.l(uldiv.o)
    0x0800acfe   0x0800acfe   0x0000001e   Code   RO         1289    .text               mc_w.l(llshl.o)
    0x0800ad1c   0x0800ad1c   0x00000020   Code   RO         1291    .text               mc_w.l(llushr.o)
    0x0800ad3c   0x0800ad3c   0x00000024   Code   RO         1293    .text               mc_w.l(llsshr.o)
    0x0800ad60   0x0800ad60   0x0000001c   Code   RO         1295    .text               mc_w.l(_chval.o)
    0x0800ad7c   0x0800ad7c   0x00000014   Code   RO         1297    .text               mc_w.l(scanf_char_file.o)
    0x0800ad90   0x0800ad90   0x00000000   Code   RO         1299    .text               mc_w.l(iusefp.o)
    0x0800ad90   0x0800ad90   0x0000006e   Code   RO         1300    .text               mf_w.l(fepilogue.o)
    0x0800adfe   0x0800adfe   0x000000ba   Code   RO         1302    .text               mf_w.l(depilogue.o)
    0x0800aeb8   0x0800aeb8   0x00000030   Code   RO         1304    .text               mf_w.l(dfixul.o)
    0x0800aee8   0x0800aee8   0x00000030   Code   RO         1306    .text               mf_w.l(cdrcmple.o)
    0x0800af18   0x0800af18   0x00000024   Code   RO         1308    .text               mc_w.l(init.o)
    0x0800af3c   0x0800af3c   0x0000002c   Code   RO         1310    .text               mc_w.l(fgetc_b.o)
    0x0800af68   0x0800af68   0x00000028   Code   RO         1313    .text               mc_w.l(scanf_char.o)
    0x0800af90   0x0800af90   0x00000000   Code   RO         1315    .text               mc_w.l(semi.o)
    0x0800af90   0x0800af90   0x0000000a   Code   RO         1316    .text               mc_w.l(isspace_c.o)
    0x0800af9a   0x0800af9a   0x00000002   PAD
    0x0800af9c   0x0800af9c   0x0000032c   Code   RO         1318    .text               mc_w.l(_scanf.o)
    0x0800b2c8   0x0800b2c8   0x00000000   Code   RO         1320    .text               mc_w.l(iusesemig.o)
    0x0800b2c8   0x0800b2c8   0x00000028   Code   RO         1321    .text               mc_w.l(ctype_c.o)
    0x0800b2f0   0x0800b2f0   0x00000056   Code   RO         1332    .text               mc_w.l(__dczerorl2.o)
    0x0800b346   0x0800b346   0x00000002   PAD
    0x0800b348   0x0800b348   0x0000000c   Code   RO          603    i.ILI9341_Read_Data  bsp_ili9341_lcd.o
    0x0800b354   0x0800b354   0x00000008   Code   RO          593    i.ILI9341_Write_Cmd  bsp_ili9341_lcd.o
    0x0800b35c   0x0800b35c   0x0000000c   Code   RO          598    i.ILI9341_Write_Data  bsp_ili9341_lcd.o
    0x0800b368   0x0800b368   0x00000020   Code   RO         1207    i.__0printf         mc_w.l(printfa.o)
    0x0800b388   0x0800b388   0x00000028   Code   RO         1209    i.__0sprintf        mc_w.l(printfa.o)
    0x0800b3b0   0x0800b3b0   0x0000000e   Code   RO         1326    i.__scatterload_copy  mc_w.l(handlers.o)
    0x0800b3be   0x0800b3be   0x00000002   Code   RO         1327    i.__scatterload_null  mc_w.l(handlers.o)
    0x0800b3c0   0x0800b3c0   0x0000000e   Code   RO         1328    i.__scatterload_zeroinit  mc_w.l(handlers.o)
    0x0800b3ce   0x0800b3ce   0x00000002   PAD
    0x0800b3d0   0x0800b3d0   0x00000184   Code   RO         1214    i._fp_digits        mc_w.l(printfa.o)
    0x0800b554   0x0800b554   0x000006dc   Code   RO         1215    i._printf_core      mc_w.l(printfa.o)
    0x0800bc30   0x0800bc30   0x00000024   Code   RO         1216    i._printf_post_padding  mc_w.l(printfa.o)
    0x0800bc54   0x0800bc54   0x0000002e   Code   RO         1217    i._printf_pre_padding  mc_w.l(printfa.o)
    0x0800bc82   0x0800bc82   0x0000000a   Code   RO         1219    i._sputc            mc_w.l(printfa.o)
    0x0800bc8c   0x0800bc8c   0x00000030   Data   RO          541    .constdata          bsp_date.o
    0x0800bcbc   0x0800bcbc   0x00004360   Data   RO          625    .constdata          fonts.o
    0x0801001c   0x0801001c   0x0000001c   Data   RO          816    .constdata          bsp_beep.o
    0x08010038   0x08010038   0x00000040   Data   RO         1322    .constdata          mc_w.l(ctype_c.o)
    0x08010078   0x08010078   0x0000019a   Data   RO          556    .conststring        bsp_rtc.o
    0x08010212   0x08010212   0x00000002   PAD
    0x08010214   0x08010214   0x000000df   Data   RO          704    .conststring        common.o
    0x080102f3   0x080102f3   0x00000001   PAD
    0x080102f4   0x080102f4   0x00000020   Data   RO         1324    Region$$Table       anon$$obj.o


    Execution Region RW_IRAM1 (Exec base: 0x20000000, Load base: 0x08010314, Size: 0x00005488, Max: 0x00010000, ABSOLUTE, COMPRESSED[0x000001a0])

    Exec Addr    Load Addr    Size         Type   Attr      Idx    E Section Name        Object

    0x20000000   COMPRESSED   0x00000014   Data   RW           25    .data               system_stm32f10x.o
    0x20000014   COMPRESSED   0x00000014   Data   RW          318    .data               stm32f10x_rcc.o
    0x20000028   COMPRESSED   0x0000001c   Data   RW          404    .data               main.o
    0x20000044   COMPRESSED   0x00000030   Data   RW          542    .data               bsp_date.o
    0x20000074   COMPRESSED   0x00000014   Data   RW          582    .data               bsp_ili9341_lcd.o
    0x20000088   COMPRESSED   0x00000019   Data   RW          626    .data               fonts.o
    0x200000a1   COMPRESSED   0x00000003   PAD
    0x200000a4   COMPRESSED   0x00000004   Data   RW          659    .data               bsp_spi_flash.o
    0x200000a8   COMPRESSED   0x000000d0   Data   RW          673    .data               bsp_xpt2046_lcd.o
    0x20000178   COMPRESSED   0x00000098   Data   RW          705    .data               common.o
    0x20000210   COMPRESSED   0x00000004   Data   RW          735    .data               bsp_systick.o
    0x20000214   COMPRESSED   0x00000003   Data   RW          756    .data               bsp_tpad.o
    0x20000217   COMPRESSED   0x00000001   PAD
    0x20000218   COMPRESSED   0x00000002   Data   RW          774    .data               bsp_tempad.o
    0x2000021a   COMPRESSED   0x00000009   Data   RW          789    .data               bsp_ds18b20.o
    0x20000223   COMPRESSED   0x00000001   PAD
    0x20000224   COMPRESSED   0x00000004   Data   RW          836    .data               temperature.o
    0x20000228   COMPRESSED   0x00000018   Data   RW          856    .data               clock_stop.o
    0x20000240   COMPRESSED   0x00000001   Data   RW          872    .data               clock_alert.o
    0x20000241   COMPRESSED   0x00000003   PAD
    0x20000244   COMPRESSED   0x00000012   Data   RW          894    .data               clock.o
    0x20000256   COMPRESSED   0x00000005   Data   RW          910    .data               clock_zone_config.o
    0x2000025b   COMPRESSED   0x00000001   Data   RW          936    .data               library.o
    0x2000025c   COMPRESSED   0x00000004   Data   RW         1283    .data               mc_w.l(stdin.o)
    0x20000260   COMPRESSED   0x00000004   Data   RW         1284    .data               mc_w.l(stdout.o)
    0x20000264   COMPRESSED   0x00000003   Data   RW         1311    .data               mc_w.l(fgetc_b.o)
    0x20000267   COMPRESSED   0x00000001   PAD
    0x20000268        -       0x00004400   Zero   RW          581    .bss                bsp_ili9341_lcd.o
    0x20004668        -       0x0000012c   Zero   RW          703    .bss                common.o
    0x20004794        -       0x00000120   Zero   RW          835    .bss                temperature.o
    0x200048b4        -       0x00000228   Zero   RW          855    .bss                clock_stop.o
    0x20004adc        -       0x00000158   Zero   RW          871    .bss                clock_alert.o
    0x20004c34        -       0x000000dc   Zero   RW          893    .bss                clock.o
    0x20004d10        -       0x000001fc   Zero   RW          909    .bss                clock_zone_config.o
    0x20004f0c        -       0x00000178   Zero   RW          935    .bss                library.o
    0x20005084   COMPRESSED   0x00000004   PAD
    0x20005088        -       0x00000400   Zero   RW            1    STACK               startup_stm32f10x_hd.o


==============================================================================

Image component sizes


      Code (inc. data)   RO Data    RW Data    ZI Data      Debug   Object Name

       252         38         28          0          0       1006   bsp_beep.o
       476         16         48         48          0       1909   bsp_date.o
       744         10          0          9          0       3812   bsp_ds18b20.o
      4668        128          0         20      17408      17494   bsp_ili9341_lcd.o
       104         10          0          0          0       1063   bsp_key.o
        96          6          0          0          0        522   bsp_led.o
      1188        440        410          0          0       2033   bsp_rtc.o
      1404        128          0          4          0       5168   bsp_spi_flash.o
       308         22          0          4          0      17191   bsp_systick.o
       256         14          0          2          0       1478   bsp_tempad.o
       120          6          0          0          0        793   bsp_timbase.o
       476         50          0          3          0       2227   bsp_tpad.o
       188         10          0          0          0       1011   bsp_usart.o
      3444        184          0        208          0       9302   bsp_xpt2046_lcd.o
      1996         34          0          0          0       1248   button.o
      2088        254          0         18        220       4244   clock.o
      2188        186          0          1        344       4605   clock_alert.o
      2592        234          0         24        552       4298   clock_stop.o
      2980        226          0          5        508       4142   clock_zone_config.o
       744        234        223        152        300       1446   common.o
         0          0          0          0          0       4508   core_cm3.o
        72          6          0          0          0        498   fan.o
        84         10      17248         25          0       2246   fonts.o
      1472        136          0          1        376       3114   library.o
       320         58          0         28          0       4440   main.o
       220         22          0          0          0       1805   misc.o
        36          8        304          0       1024        860   startup_stm32f10x_hd.o
      1102         26          0          0          0      11041   stm32f10x_adc.o
       196          8          0          0          0       3500   stm32f10x_bkp.o
       596          8          0          0          0       4366   stm32f10x_dma.o
      1548         18          0          0          0       5375   stm32f10x_fsmc.o
       860         38          0          0          0       5733   stm32f10x_gpio.o
       104         12          0          0          0       1557   stm32f10x_it.o
       204         14          0          0          0       1951   stm32f10x_pwr.o
       932         36          0         20          0       8904   stm32f10x_rcc.o
       328          4          0          0          0       2722   stm32f10x_rtc.o
       780         14          0          0          0       6618   stm32f10x_spi.o
      3610         88          0          0          0      22844   stm32f10x_tim.o
      1032         22          0          0          0       8460   stm32f10x_usart.o
       480         38          0         20          0     283979   system_stm32f10x.o
      1564        164          0          4        288       2858   temperature.o

    ----------------------------------------------------------------------
     41856       2960      18296        604      21024     472371   Object Totals
         0          0         32          0          0          0   (incl. Generated)
         4          0          3          8          4          0   (incl. Padding)

    ----------------------------------------------------------------------

      Code (inc. data)   RO Data    RW Data    ZI Data      Debug   Library Member Name

        32          6          0          0          0         84   __0scanf.o
        86          0          0          0          0          0   __dczerorl2.o
        28          0          0          0          0         68   _chval.o
       812          4          0          0          0        112   _scanf.o
       332          0          0          0          0         96   _scanf_int.o
        40          6         64          0          0         68   ctype_c.o
         0          0          0          0          0          0   entry.o
         0          0          0          0          0          0   entry10a.o
         0          0          0          0          0          0   entry11a.o
         8          4          0          0          0          0   entry2.o
         4          0          0          0          0          0   entry5.o
         0          0          0          0          0          0   entry7b.o
         0          0          0          0          0          0   entry8b.o
         8          4          0          0          0          0   entry9a.o
        44          6          0          3          0        144   fgetc_b.o
        30          0          0          0          0          0   handlers.o
        36          8          0          0          0         68   init.o
        10          0          0          0          0         68   isspace_c.o
         0          0          0          0          0          0   iusefp.o
         0          0          0          0          0          0   iusesemig.o
        30          0          0          0          0         68   llshl.o
        36          0          0          0          0         68   llsshr.o
        32          0          0          0          0         68   llushr.o
        36          0          0          0          0         68   memcpya.o
        36          0          0          0          0        108   memseta.o
      2308         96          0          0          0        604   printfa.o
        40          8          0          0          0         84   scanf_char.o
        20          8          0          0          0         68   scanf_char_file.o
         0          0          0          0          0          0   semi.o
         0          0          0          4          0          0   stdin.o
         0          0          0          4          0          0   stdout.o
        28          0          0          0          0         76   strcmp.o
        14          0          0          0          0         68   strlen.o
        44          0          0          0          0         80   uidiv.o
        98          0          0          0          0         92   uldiv.o
        48          0          0          0          0         68   cdrcmple.o
        20          0          0          0          0         68   cfcmple.o
        56          0          0          0          0         88   d2f.o
       334          0          0          0          0        148   dadd.o
       222          0          0          0          0        100   ddiv.o
       186          0          0          0          0        176   depilogue.o
        50          0          0          0          0         76   dfixui.o
        48          0          0          0          0         68   dfixul.o
        34          0          0          0          0         76   dflti.o
        26          0          0          0          0         76   dfltui.o
       228          0          0          0          0         96   dmul.o
        38          0          0          0          0         68   f2d.o
       176          0          0          0          0        140   fadd.o
       124          0          0          0          0         88   fdiv.o
       110          0          0          0          0        168   fepilogue.o
        50          0          0          0          0         68   ffixi.o
        40          0          0          0          0         68   ffixui.o
        18          0          0          0          0         68   fflti.o
       100          0          0          0          0         76   fmul.o

    ----------------------------------------------------------------------
      6108        150         64         12          0       3944   Library Totals
         8          0          0          1          0          0   (incl. Padding)

    ----------------------------------------------------------------------

      Code (inc. data)   RO Data    RW Data    ZI Data      Debug   Library Name

      4192        150         64         11          0       2160   mc_w.l
      1908          0          0          0          0       1784   mf_w.l

    ----------------------------------------------------------------------
      6108        150         64         12          0       3944   Library Totals

    ----------------------------------------------------------------------

==============================================================================


      Code (inc. data)   RO Data    RW Data    ZI Data      Debug   

     47964       3110      18360        616      21024     470307   Grand Totals
     47964       3110      18360        416      21024     470307   ELF Image Totals (compressed)
     47964       3110      18360        416          0          0   ROM Totals

==============================================================================

    Total RO  Size (Code + RO Data)                66324 (  64.77kB)
    Total RW  Size (RW Data + ZI Data)             21640 (  21.13kB)
    Total ROM Size (Code + RO Data + RW Data)      66740 (  65.18kB)

==============================================================================

